Traceback (most recent call last):
  File "D:\MLProject\src\components\data_ingestion.py", line 69, in <module>
    raise CustomeException("Some error detail or context")
          ^^^^^^^^^^^^^^^^^^^^^^^^^^^^^^^^^^^^^^^^^^^^^^^^
TypeError: CustomeException.__init__() missing 1 required positional argument: 'error_detail'

(d:\MLProject\env) D:\MLProject>python src/components/data_ingestion.py
Traceback (most recent call last):
  File "d:\mlproject\src\components\model_trainer.py", line 39, in initiate_model_traing
    train_array[:,:,-1],
    ~~~~~~~~~~~^^^^^^^^
IndexError: too many indices for array: array is 2-dimensional, but 3 were indexed

During handling of the above exception, another exception occurred:

Traceback (most recent call last):
  File "D:\MLProject\src\components\data_ingestion.py", line 65, in <module>
    print(modeltrainer.initiate_model_traing(train_arr,test_arr))
          ^^^^^^^^^^^^^^^^^^^^^^^^^^^^^^^^^^^^^^^^^^^^^^^^^^^^^^
  File "d:\mlproject\src\components\model_trainer.py", line 79, in initiate_model_traing
    raise CustomeException(e,sys)
                           ^
NameError: name 'e' is not defined. Did you mean: 'ex'?

During handling of the above exception, another exception occurred:

Traceback (most recent call last):
  File "D:\MLProject\src\components\data_ingestion.py", line 69, in <module>
    raise CustomeException(e,sys)
          ^^^^^^^^^^^^^^^^^^^^^^^
  File "d:\mlproject\src\exception.py", line 20, in __init__
    self.error_messsage=error_message_details(error_messsage,error_details=error_detail)
                        ^^^^^^^^^^^^^^^^^^^^^^^^^^^^^^^^^^^^^^^^^^^^^^^^^^^^^^^^^^^^^^^^
TypeError: error_message_details() got multiple values for argument 'error_details'

(d:\MLProject\env) D:\MLProject>python src/components/data_ingestion.py
Traceback (most recent call last):
  File "d:\mlproject\src\components\model_trainer.py", line 39, in initiate_model_traing
    train_array[:,:,-1],
    ~~~~~~~~~~~^^^^^^^^
IndexError: too many indices for array: array is 2-dimensional, but 3 were indexed

During handling of the above exception, another exception occurred:

Traceback (most recent call last):
  File "D:\MLProject\src\components\data_ingestion.py", line 65, in <module>
    print(modeltrainer.initiate_model_traing(train_arr,test_arr))
          ^^^^^^^^^^^^^^^^^^^^^^^^^^^^^^^^^^^^^^^^^^^^^^^^^^^^^^
  File "d:\mlproject\src\components\model_trainer.py", line 79, in initiate_model_traing
    raise CustomeException(e,sys)
                           ^
NameError: name 'e' is not defined. Did you mean: 'ex'?

During handling of the above exception, another exception occurred:

Traceback (most recent call last):
  File "D:\MLProject\src\components\data_ingestion.py", line 69, in <module>
    raise CustomException(e,sys)
          ^^^^^^^^^^^^^^^
NameError: name 'CustomException' is not defined. Did you mean: 'CustomeException'?

(d:\MLProject\env) D:\MLProject>python src/components/data_ingestion.py
Traceback (most recent call last):
  File "D:\MLProject\src\components\data_ingestion.py", line 7, in <module>
    from src.exception import CustomeException # custome exception
    ^^^^^^^^^^^^^^^^^^^^^^^^^^^^^^^^^^^^^^^^^^
ImportError: cannot import name 'CustomeException' from 'src.exception' (d:\mlproject\src\exception.py)

(d:\MLProject\env) D:\MLProject>python src/components/data_ingestion.py
Traceback (most recent call last):
  File "D:\MLProject\src\components\data_ingestion.py", line 13, in <module>
    from src.components.data_transformation import DataTransformation
  File "d:\mlproject\src\components\data_transformation.py", line 11, in <module>
    from src.exception import CustomeException
ImportError: cannot import name 'CustomeException' from 'src.exception' (d:\mlproject\src\exception.py)

(d:\MLProject\env) D:\MLProject>python src/components/data_ingestion.py
Traceback (most recent call last):
  File "d:\mlproject\src\components\model_trainer.py", line 39, in initiate_model_traing
    train_array[:,:,-1],
    ~~~~~~~~~~~^^^^^^^^
IndexError: too many indices for array: array is 2-dimensional, but 3 were indexed

During handling of the above exception, another exception occurred:

Traceback (most recent call last):
  File "D:\MLProject\src\components\data_ingestion.py", line 65, in <module>
    print(modeltrainer.initiate_model_traing(train_arr,test_arr))
          ^^^^^^^^^^^^^^^^^^^^^^^^^^^^^^^^^^^^^^^^^^^^^^^^^^^^^^
  File "d:\mlproject\src\components\model_trainer.py", line 79, in initiate_model_traing
    raise CustomeException(e,sys)
          ^^^^^^^^^^^^^^^^
NameError: name 'CustomeException' is not defined. Did you mean: 'CustomException'?

During handling of the above exception, another exception occurred:

Traceback (most recent call last):
  File "D:\MLProject\src\components\data_ingestion.py", line 69, in <module>
    raise CustomException(e,sys)
          ^^^^^^^^^^^^^^^^^^^^^^
  File "d:\mlproject\src\exception.py", line 20, in __init__
    self.error_messsage=error_message_details(error_messsage,error_details=error_detail)
                        ^^^^^^^^^^^^^^^^^^^^^^^^^^^^^^^^^^^^^^^^^^^^^^^^^^^^^^^^^^^^^^^^
TypeError: error_message_details() got multiple values for argument 'error_details'

(d:\MLProject\env) D:\MLProject>python src/components/data_ingestion.py
Traceback (most recent call last):
  File "d:\mlproject\src\components\model_trainer.py", line 39, in initiate_model_traing
    train_array[:,:,-1],
    ~~~~~~~~~~~^^^^^^^^
IndexError: too many indices for array: array is 2-dimensional, but 3 were indexed

During handling of the above exception, another exception occurred:

Traceback (most recent call last):
  File "D:\MLProject\src\components\data_ingestion.py", line 65, in <module>
    print(modeltrainer.initiate_model_traing(train_arr,test_arr))
          ^^^^^^^^^^^^^^^^^^^^^^^^^^^^^^^^^^^^^^^^^^^^^^^^^^^^^^
  File "d:\mlproject\src\components\model_trainer.py", line 79, in initiate_model_traing
    raise CustomeException(e,sys)
          ^^^^^^^^^^^^^^^^
NameError: name 'CustomeException' is not defined. Did you mean: 'CustomException'?

During handling of the above exception, another exception occurred:

Traceback (most recent call last):
  File "D:\MLProject\src\components\data_ingestion.py", line 70, in <module>
    raise CustomException(e,sys)
          ^^^^^^^^^^^^^^^^^^^^^^
  File "d:\mlproject\src\exception.py", line 20, in __init__
    self.error_messsage=error_message_details(error_messsage,error_details=error_detail)
                        ^^^^^^^^^^^^^^^^^^^^^^^^^^^^^^^^^^^^^^^^^^^^^^^^^^^^^^^^^^^^^^^^
TypeError: error_message_details() got multiple values for argument 'error_details'

(d:\MLProject\env) D:\MLProject>python src/components/data_ingestion.py
Traceback (most recent call last):
  File "d:\mlproject\src\components\model_trainer.py", line 39, in initiate_model_traing
    train_array[:,:,-1],
    ~~~~~~~~~~~^^^^^^^^
IndexError: too many indices for array: array is 2-dimensional, but 3 were indexed

During handling of the above exception, another exception occurred:

Traceback (most recent call last):
  File "D:\MLProject\src\components\data_ingestion.py", line 65, in <module>
    print(modeltrainer.initiate_model_traing(train_arr,test_arr))
          ^^^^^^^^^^^^^^^^^^^^^^^^^^^^^^^^^^^^^^^^^^^^^^^^^^^^^^
  File "d:\mlproject\src\components\model_trainer.py", line 79, in initiate_model_traing
    raise CustomeException(e,sys)
          ^^^^^^^^^^^^^^^^
NameError: name 'CustomeException' is not defined. Did you mean: 'CustomException'?

During handling of the above exception, another exception occurred:

Traceback (most recent call last):
  File "D:\MLProject\src\components\data_ingestion.py", line 69, in <module>
    raise CustomException(e,sys)
          ^^^^^^^^^^^^^^^^^^^^^^
  File "d:\mlproject\src\exception.py", line 20, in __init__
    self.error_messsage=error_message_details(error_messsage,error_details=error_detail)
                        ^^^^^^^^^^^^^^^^^^^^^^^^^^^^^^^^^^^^^^^^^^^^^^^^^^^^^^^^^^^^^^^^
TypeError: error_message_details() got multiple values for argument 'error_details'

(d:\MLProject\env) D:\MLProject>python src/components/data_ingestion.py
Traceback (most recent call last):
  File "d:\mlproject\src\components\model_trainer.py", line 39, in initiate_model_traing
    train_array[:,:,-1],
    ~~~~~~~~~~~^^^^^^^^
IndexError: too many indices for array: array is 2-dimensional, but 3 were indexed

During handling of the above exception, another exception occurred:

Traceback (most recent call last):
  File "D:\MLProject\src\components\data_ingestion.py", line 65, in <module>
    print(modeltrainer.initiate_model_traing(train_arr,test_arr))
          ^^^^^^^^^^^^^^^^^^^^^^^^^^^^^^^^^^^^^^^^^^^^^^^^^^^^^^
  File "d:\mlproject\src\components\model_trainer.py", line 79, in initiate_model_traing
    raise CustomeException(e,sys)
          ^^^^^^^^^^^^^^^^
NameError: name 'CustomeException' is not defined. Did you mean: 'CustomException'?

During handling of the above exception, another exception occurred:

Traceback (most recent call last):
  File "D:\MLProject\src\components\data_ingestion.py", line 69, in <module>
    raise CustomException(e,"list of arrays")
          ^^^^^^^^^^^^^^^^^^^^^^^^^^^^^^^^^^^
  File "d:\mlproject\src\exception.py", line 20, in __init__
    self.error_messsage=error_message_details(error_messsage,error_details=error_detail)
                        ^^^^^^^^^^^^^^^^^^^^^^^^^^^^^^^^^^^^^^^^^^^^^^^^^^^^^^^^^^^^^^^^
TypeError: error_message_details() got multiple values for argument 'error_details'

(d:\MLProject\env) D:\MLProject>python src/components/data_ingestion.py
Traceback (most recent call last):
  File "d:\mlproject\src\components\model_trainer.py", line 39, in initiate_model_traing
    train_array[:,:,-1],
    ~~~~~~~~~~~^^^^^^^^
IndexError: too many indices for array: array is 2-dimensional, but 3 were indexed

During handling of the above exception, another exception occurred:

Traceback (most recent call last):
  File "D:\MLProject\src\components\data_ingestion.py", line 65, in <module>
    print(modeltrainer.initiate_model_traing(train_arr,test_arr))
          ^^^^^^^^^^^^^^^^^^^^^^^^^^^^^^^^^^^^^^^^^^^^^^^^^^^^^^
  File "d:\mlproject\src\components\model_trainer.py", line 79, in initiate_model_traing
    raise CustomeException(e,sys)
          ^^^^^^^^^^^^^^^^
NameError: name 'CustomeException' is not defined. Did you mean: 'CustomException'?

During handling of the above exception, another exception occurred:

Traceback (most recent call last):
  File "D:\MLProject\src\components\data_ingestion.py", line 69, in <module>
    raise CustomException(e,"list of arrays")
          ^^^^^^^^^^^^^^^^^^^^^^^^^^^^^^^^^^^
  File "d:\mlproject\src\exception.py", line 20, in __init__
    self.error_messsage=error_message_details(error_messsage,error_details=None)
                        ^^^^^^^^^^^^^^^^^^^^^^^^^^^^^^^^^^^^^^^^^^^^^^^^^^^^^^^^
TypeError: error_message_details() got multiple values for argument 'error_details'

(d:\MLProject\env) D:\MLProject>python src/components/data_ingestion.py
Traceback (most recent call last):
  File "d:\mlproject\src\components\model_trainer.py", line 39, in initiate_model_traing
    train_array[:,:,-1],
    ~~~~~~~~~~~^^^^^^^^
IndexError: too many indices for array: array is 2-dimensional, but 3 were indexed

During handling of the above exception, another exception occurred:

Traceback (most recent call last):
  File "D:\MLProject\src\components\data_ingestion.py", line 65, in <module>
    print(modeltrainer.initiate_model_traing(train_arr,test_arr))
          ^^^^^^^^^^^^^^^^^^^^^^^^^^^^^^^^^^^^^^^^^^^^^^^^^^^^^^
  File "d:\mlproject\src\components\model_trainer.py", line 79, in initiate_model_traing
    raise CustomeException(e,sys)
          ^^^^^^^^^^^^^^^^
NameError: name 'CustomeException' is not defined. Did you mean: 'CustomException'?

During handling of the above exception, another exception occurred:

Traceback (most recent call last):
  File "D:\MLProject\src\components\data_ingestion.py", line 69, in <module>
    raise CustomException("Encouner an exception",error_detail=[str(e)])
          ^^^^^^^^^^^^^^^^^^^^^^^^^^^^^^^^^^^^^^^^^^^^^^^^^^^^^^^^^^^^^^
  File "d:\mlproject\src\exception.py", line 22, in __init__
    self.error_messsage=error_message_details(error_messsage,error_details=error_detail)
                        ^^^^^^^^^^^^^^^^^^^^^^^^^^^^^^^^^^^^^^^^^^^^^^^^^^^^^^^^^^^^^^^^
TypeError: error_message_details() got multiple values for argument 'error_details'

(d:\MLProject\env) D:\MLProject>python src/components/data_ingestion.py
Traceback (most recent call last):
  File "d:\mlproject\src\components\model_trainer.py", line 39, in initiate_model_traing
    train_array[:,:,-1],
    ~~~~~~~~~~~^^^^^^^^
IndexError: too many indices for array: array is 2-dimensional, but 3 were indexed

During handling of the above exception, another exception occurred:

Traceback (most recent call last):
  File "D:\MLProject\src\components\data_ingestion.py", line 65, in <module>
    print(modeltrainer.initiate_model_traing(train_arr,test_arr))
          ^^^^^^^^^^^^^^^^^^^^^^^^^^^^^^^^^^^^^^^^^^^^^^^^^^^^^^
  File "d:\mlproject\src\components\model_trainer.py", line 79, in initiate_model_traing
    raise CustomeException(e,sys)
          ^^^^^^^^^^^^^^^^
NameError: name 'CustomeException' is not defined. Did you mean: 'CustomException'?

During handling of the above exception, another exception occurred:

Traceback (most recent call last):
  File "D:\MLProject\src\components\data_ingestion.py", line 69, in <module>
    raise CustomException("Encouner an exception",error_detail=[str(e)])
          ^^^^^^^^^^^^^^^^^^^^^^^^^^^^^^^^^^^^^^^^^^^^^^^^^^^^^^^^^^^^^^
  File "d:\mlproject\src\exception.py", line 22, in __init__
    self.error_messsage=error_message_details(error_messsage,error_details=error_detail)
                        ^^^^^^^^^^^^^^^^^^^^^^^^^^^^^^^^^^^^^^^^^^^^^^^^^^^^^^^^^^^^^^^^
TypeError: error_message_details() got multiple values for argument 'error_details'

(d:\MLProject\env) D:\MLProject>python src/components/data_ingestion.py
Traceback (most recent call last):
  File "d:\mlproject\src\components\model_trainer.py", line 39, in initiate_model_traing
    train_array[:,:,-1],
    ~~~~~~~~~~~^^^^^^^^
IndexError: too many indices for array: array is 2-dimensional, but 3 were indexed

During handling of the above exception, another exception occurred:

Traceback (most recent call last):
  File "D:\MLProject\src\components\data_ingestion.py", line 65, in <module>
    print(modeltrainer.initiate_model_traing(train_arr,test_arr))
          ^^^^^^^^^^^^^^^^^^^^^^^^^^^^^^^^^^^^^^^^^^^^^^^^^^^^^^
  File "d:\mlproject\src\components\model_trainer.py", line 79, in initiate_model_traing
    raise CustomeException(e,sys)
          ^^^^^^^^^^^^^^^^
NameError: name 'CustomeException' is not defined. Did you mean: 'CustomException'?

During handling of the above exception, another exception occurred:

Traceback (most recent call last):
  File "D:\MLProject\src\components\data_ingestion.py", line 69, in <module>
    raise CustomException("Encouner an exception",error_detail=[str(e)])
          ^^^^^^^^^^^^^^^^^^^^^^^^^^^^^^^^^^^^^^^^^^^^^^^^^^^^^^^^^^^^^^
  File "d:\mlproject\src\exception.py", line 22, in __init__
    self.error_messsage=error_message_details(error_messsage,error_details=error_detail)
                        ^^^^^^^^^^^^^^^^^^^^^^^^^^^^^^^^^^^^^^^^^^^^^^^^^^^^^^^^^^^^^^^^
TypeError: error_message_details() got multiple values for argument 'error_details'

(d:\MLProject\env) D:\MLProject>python src/components/data_ingestion.py

(d:\MLProject\env) D:\MLProject>python src/components/data_ingestion.py

(d:\MLProject\env) D:\MLProject>python src/components/data_ingestion.py

(d:\MLProject\env) D:\MLProject>python src/components/data_ingestion.py
Traceback (most recent call last):
  File "D:\MLProject\src\components\data_ingestion.py", line 16, in <module>
    from src.components.model_trainer import ModelTrainerConfig
  File "d:\mlproject\src\components\model_trainer.py", line 6, in <module>
    from sklearn.com import ColumnTransformer
ModuleNotFoundError: No module named 'sklearn.com'

(d:\MLProject\env) D:\MLProject>python src/components/data_ingestion.py

(d:\MLProject\env) D:\MLProject>python src/components/data_ingestion.py

(d:\MLProject\env) D:\MLProject>python src/components/data_ingestion.py

(d:\MLProject\env) D:\MLProject>python src/components/data_ingestion.py

(d:\MLProject\env) D:\MLProject>python src/components/data_ingestion.py

(d:\MLProject\env) D:\MLProject>python src/components/data_ingestion.py
Traceback (most recent call last):
  File "d:\mlproject\src\components\model_trainer.py", line 55, in initiate_model_traing
    model_report:dict=evaluate_model(X=X_train,y=y_train,x_test=X_test,y_test=y_test,models=models)
                                       ^^^^^^^
NameError: name 'X_train' is not defined

During handling of the above exception, another exception occurred:

Traceback (most recent call last):
  File "D:\MLProject\src\components\data_ingestion.py", line 65, in <module>
    print(modeltrainer.initiate_model_traing(train_arr,test_arr))
          ^^^^^^^^^^^^^^^^^^^^^^^^^^^^^^^^^^^^^^^^^^^^^^^^^^^^^^
  File "d:\mlproject\src\components\model_trainer.py", line 79, in initiate_model_traing
    raise CustomeException(e,sys)
          ^^^^^^^^^^^^^^^^
NameError: name 'CustomeException' is not defined. Did you mean: 'CustomException'?

During handling of the above exception, another exception occurred:

Traceback (most recent call last):
  File "D:\MLProject\src\components\data_ingestion.py", line 69, in <module>
    raise CustomException(e,"list of arrays")
          ^^^^^^^^^^^^^^^^^^^^^^^^^^^^^^^^^^^
  File "d:\mlproject\src\exception.py", line 22, in __init__
    self.error_messsage=error_message_details(error_messsage,error_details=error_detail)
                        ^^^^^^^^^^^^^^^^^^^^^^^^^^^^^^^^^^^^^^^^^^^^^^^^^^^^^^^^^^^^^^^^
TypeError: error_message_details() got multiple values for argument 'error_details'

(d:\MLProject\env) D:\MLProject>python src/components/data_ingestion.py
Traceback (most recent call last):
  File "d:\mlproject\src\components\model_trainer.py", line 55, in initiate_model_traing
    model_report:dict=evaluate_model(X=X_train,y=y_train,x_test=X_test,y_test=y_test,models=models)
                                       ^^^^^^^
NameError: name 'X_train' is not defined

During handling of the above exception, another exception occurred:

Traceback (most recent call last):
  File "D:\MLProject\src\components\data_ingestion.py", line 65, in <module>
    print(modeltrainer.initiate_model_traing(train_arr,test_arr))
          ^^^^^^^^^^^^^^^^^^^^^^^^^^^^^^^^^^^^^^^^^^^^^^^^^^^^^^
  File "d:\mlproject\src\components\model_trainer.py", line 79, in initiate_model_traing
    raise CustomeException(e,sys)
          ^^^^^^^^^^^^^^^^
NameError: name 'CustomeException' is not defined. Did you mean: 'CustomException'?

During handling of the above exception, another exception occurred:

Traceback (most recent call last):
  File "D:\MLProject\src\components\data_ingestion.py", line 69, in <module>
    raise CustomException(e,"list of arrays")
          ^^^^^^^^^^^^^^^^^^^^^^^^^^^^^^^^^^^
  File "d:\mlproject\src\exception.py", line 22, in __init__
    self.error_messsage=error_message_details(error_messsage,error_details=error_detail)
                        ^^^^^^^^^^^^^^^^^^^^^^^^^^^^^^^^^^^^^^^^^^^^^^^^^^^^^^^^^^^^^^^^
TypeError: error_message_details() got multiple values for argument 'error_details'

(d:\MLProject\env) D:\MLProject>python src/components/data_ingestion.py
Traceback (most recent call last):
  File "d:\mlproject\src\components\model_trainer.py", line 55, in initiate_model_traing
    model_report:dict=evaluate_model(X=X_train,y=y_train,x_test=X_test,y_test=y_test,models=models)
                                       ^^^^^^^
NameError: name 'X_train' is not defined

During handling of the above exception, another exception occurred:

Traceback (most recent call last):
  File "D:\MLProject\src\components\data_ingestion.py", line 65, in <module>
    print(modeltrainer.initiate_model_traing(train_arr,test_arr))
          ^^^^^^^^^^^^^^^^^^^^^^^^^^^^^^^^^^^^^^^^^^^^^^^^^^^^^^
  File "d:\mlproject\src\components\model_trainer.py", line 79, in initiate_model_traing
    raise CustomeException(e,sys)
          ^^^^^^^^^^^^^^^^
NameError: name 'CustomeException' is not defined. Did you mean: 'CustomException'?

During handling of the above exception, another exception occurred:

Traceback (most recent call last):
  File "D:\MLProject\src\components\data_ingestion.py", line 69, in <module>
    raise CustomException(e,"list of arrays")
          ^^^^^^^^^^^^^^^^^^^^^^^^^^^^^^^^^^^
  File "d:\mlproject\src\exception.py", line 22, in __init__
    self.error_messsage=error_message_details(error_messsage,error_details=error_detail)
                        ^^^^^^^^^^^^^^^^^^^^^^^^^^^^^^^^^^^^^^^^^^^^^^^^^^^^^^^^^^^^^^^^
TypeError: error_message_details() got multiple values for argument 'error_details'

(d:\MLProject\env) D:\MLProject>python src/components/data_ingestion.py
Traceback (most recent call last):
  File "d:\mlproject\src\components\model_trainer.py", line 55, in initiate_model_traing
    model_report:dict=evaluate_model(X=X_train,y=y_train,x_test=X_test,y_test=y_test,models=models)
                                       ^^^^^^^
NameError: name 'X_train' is not defined

During handling of the above exception, another exception occurred:

Traceback (most recent call last):
  File "D:\MLProject\src\components\data_ingestion.py", line 65, in <module>
    print(modeltrainer.initiate_model_traing(train_arr,test_arr))
          ^^^^^^^^^^^^^^^^^^^^^^^^^^^^^^^^^^^^^^^^^^^^^^^^^^^^^^
  File "d:\mlproject\src\components\model_trainer.py", line 79, in initiate_model_traing
    raise CustomeException(e,sys)
          ^^^^^^^^^^^^^^^^
NameError: name 'CustomeException' is not defined. Did you mean: 'CustomException'?

During handling of the above exception, another exception occurred:

Traceback (most recent call last):
  File "D:\MLProject\src\components\data_ingestion.py", line 69, in <module>
    raise CustomException(e,"list of arrays")
          ^^^^^^^^^^^^^^^^^^^^^^^^^^^^^^^^^^^
  File "d:\mlproject\src\exception.py", line 22, in __init__
    self.error_messsage=error_message_details(error_messsage,error_details=error_detail)
                        ^^^^^^^^^^^^^^^^^^^^^^^^^^^^^^^^^^^^^^^^^^^^^^^^^^^^^^^^^^^^^^^^
TypeError: error_message_details() got multiple values for argument 'error_details'

(d:\MLProject\env) D:\MLProject>python src/components/data_ingestion.py
(800, 20)
(200, 20)
Traceback (most recent call last):
  File "d:\mlproject\src\components\model_trainer.py", line 40, in initiate_model_traing
    train_array[:,:,-1],
    ~~~~~~~~~~~^^^^^^^^
IndexError: too many indices for array: array is 2-dimensional, but 3 were indexed

During handling of the above exception, another exception occurred:

Traceback (most recent call last):
  File "D:\MLProject\src\components\data_ingestion.py", line 65, in <module>
    print(modeltrainer.initiate_model_traing(train_arr,test_arr))
          ^^^^^^^^^^^^^^^^^^^^^^^^^^^^^^^^^^^^^^^^^^^^^^^^^^^^^^
  File "d:\mlproject\src\components\model_trainer.py", line 80, in initiate_model_traing
    raise CustomeException(e,sys)
          ^^^^^^^^^^^^^^^^
NameError: name 'CustomeException' is not defined. Did you mean: 'CustomException'?

During handling of the above exception, another exception occurred:

Traceback (most recent call last):
  File "D:\MLProject\src\components\data_ingestion.py", line 69, in <module>
    raise CustomException(e,"list of arrays")
          ^^^^^^^^^^^^^^^^^^^^^^^^^^^^^^^^^^^
  File "d:\mlproject\src\exception.py", line 22, in __init__
    self.error_messsage=error_message_details(error_messsage,error_details=error_detail)
                        ^^^^^^^^^^^^^^^^^^^^^^^^^^^^^^^^^^^^^^^^^^^^^^^^^^^^^^^^^^^^^^^^
TypeError: error_message_details() got multiple values for argument 'error_details'

(d:\MLProject\env) D:\MLProject>pip install numpy
Requirement already satisfied: numpy in c:\users\ashwi\anaconda3\lib\site-packages (1.26.3)

(d:\MLProject\env) D:\MLProject>python src/components/data_ingestion.py
Traceback (most recent call last):
  File "d:\mlproject\src\components\model_trainer.py", line 37, in initiate_model_traing
    logging.info("splitting the train and test data "+train_array.shape+"")
                 ~~~~~~~~~~~~~~~~~~~~~~~~~~~~~~~~~~~~^~~~~~~~~~~~~~~~~~
TypeError: can only concatenate str (not "tuple") to str

During handling of the above exception, another exception occurred:

Traceback (most recent call last):
  File "D:\MLProject\src\components\data_ingestion.py", line 65, in <module>
    print(modeltrainer.initiate_model_traing(train_arr,test_arr))
          ^^^^^^^^^^^^^^^^^^^^^^^^^^^^^^^^^^^^^^^^^^^^^^^^^^^^^^
  File "d:\mlproject\src\components\model_trainer.py", line 81, in initiate_model_traing
    raise CustomeException(e,sys)
          ^^^^^^^^^^^^^^^^
NameError: name 'CustomeException' is not defined. Did you mean: 'CustomException'?

During handling of the above exception, another exception occurred:

Traceback (most recent call last):
  File "D:\MLProject\src\components\data_ingestion.py", line 69, in <module>
    raise CustomException(e,"list of arrays")
          ^^^^^^^^^^^^^^^^^^^^^^^^^^^^^^^^^^^
  File "d:\mlproject\src\exception.py", line 22, in __init__
    self.error_messsage=error_message_details(error_messsage,error_details=error_detail)
                        ^^^^^^^^^^^^^^^^^^^^^^^^^^^^^^^^^^^^^^^^^^^^^^^^^^^^^^^^^^^^^^^^
TypeError: error_message_details() got multiple values for argument 'error_details'

(d:\MLProject\env) D:\MLProject>python src/components/data_ingestion.py
Traceback (most recent call last):
  File "d:\mlproject\src\components\model_trainer.py", line 36, in initiate_model_traing
    logging.info("splitting the train and test data "+train_array.shape+"")
                 ~~~~~~~~~~~~~~~~~~~~~~~~~~~~~~~~~~~~^~~~~~~~~~~~~~~~~~
TypeError: can only concatenate str (not "tuple") to str

During handling of the above exception, another exception occurred:

Traceback (most recent call last):
  File "D:\MLProject\src\components\data_ingestion.py", line 65, in <module>
    print(modeltrainer.initiate_model_traing(train_arr,test_arr))
          ^^^^^^^^^^^^^^^^^^^^^^^^^^^^^^^^^^^^^^^^^^^^^^^^^^^^^^
  File "d:\mlproject\src\components\model_trainer.py", line 80, in initiate_model_traing
    raise CustomeException(e,sys)
          ^^^^^^^^^^^^^^^^
NameError: name 'CustomeException' is not defined. Did you mean: 'CustomException'?

During handling of the above exception, another exception occurred:

Traceback (most recent call last):
  File "D:\MLProject\src\components\data_ingestion.py", line 69, in <module>
    raise CustomException(e,"list of arrays")
          ^^^^^^^^^^^^^^^^^^^^^^^^^^^^^^^^^^^
  File "d:\mlproject\src\exception.py", line 22, in __init__
    self.error_messsage=error_message_details(error_messsage,error_details=error_detail)
                        ^^^^^^^^^^^^^^^^^^^^^^^^^^^^^^^^^^^^^^^^^^^^^^^^^^^^^^^^^^^^^^^^
TypeError: error_message_details() got multiple values for argument 'error_details'

(d:\MLProject\env) D:\MLProject>python src/components/data_ingestion.py
Traceback (most recent call last):
  File "d:\mlproject\src\components\model_trainer.py", line 36, in initiate_model_traing
    logging.info("splitting the train and test data "+train_array.shape+"")
                 ~~~~~~~~~~~~~~~~~~~~~~~~~~~~~~~~~~~~^~~~~~~~~~~~~~~~~~
TypeError: can only concatenate str (not "tuple") to str

During handling of the above exception, another exception occurred:

Traceback (most recent call last):
  File "D:\MLProject\src\components\data_ingestion.py", line 65, in <module>
    print(modeltrainer.initiate_model_traing(train_arr,test_arr))
          ^^^^^^^^^^^^^^^^^^^^^^^^^^^^^^^^^^^^^^^^^^^^^^^^^^^^^^
  File "d:\mlproject\src\components\model_trainer.py", line 80, in initiate_model_traing
    raise CustomException(e,sys)
                          ^
NameError: name 'e' is not defined. Did you mean: 'ex'?

During handling of the above exception, another exception occurred:

Traceback (most recent call last):
  File "D:\MLProject\src\components\data_ingestion.py", line 69, in <module>
    raise CustomException(e,"list of arrays")
          ^^^^^^^^^^^^^^^^^^^^^^^^^^^^^^^^^^^
  File "d:\mlproject\src\exception.py", line 22, in __init__
    self.error_messsage=error_message_details(error_messsage,error_details=error_detail)
                        ^^^^^^^^^^^^^^^^^^^^^^^^^^^^^^^^^^^^^^^^^^^^^^^^^^^^^^^^^^^^^^^^
TypeError: error_message_details() got multiple values for argument 'error_details'

(d:\MLProject\env) D:\MLProject>python src/components/data_ingestion.py
Traceback (most recent call last):
  File "d:\mlproject\src\components\model_trainer.py", line 37, in initiate_model_traing
    logging.info("splitting the train and test data "+train_array.shape+"")
                 ~~~~~~~~~~~~~~~~~~~~~~~~~~~~~~~~~~~~^~~~~~~~~~~~~~~~~~
TypeError: can only concatenate str (not "tuple") to str

During handling of the above exception, another exception occurred:

Traceback (most recent call last):
  File "D:\MLProject\src\components\data_ingestion.py", line 65, in <module>
    print(modeltrainer.initiate_model_traing(train_arr,test_arr))
          ^^^^^^^^^^^^^^^^^^^^^^^^^^^^^^^^^^^^^^^^^^^^^^^^^^^^^^
  File "d:\mlproject\src\components\model_trainer.py", line 81, in initiate_model_traing
    raise CustomException(e,sys)
                          ^
NameError: name 'e' is not defined. Did you mean: 'ex'?

During handling of the above exception, another exception occurred:

Traceback (most recent call last):
  File "D:\MLProject\src\components\data_ingestion.py", line 69, in <module>
    raise CustomException(e,"list of arrays")
          ^^^^^^^^^^^^^^^^^^^^^^^^^^^^^^^^^^^
  File "d:\mlproject\src\exception.py", line 22, in __init__
    self.error_messsage=error_message_details(error_messsage,error_details=error_detail)
                        ^^^^^^^^^^^^^^^^^^^^^^^^^^^^^^^^^^^^^^^^^^^^^^^^^^^^^^^^^^^^^^^^
TypeError: error_message_details() got multiple values for argument 'error_details'

(d:\MLProject\env) D:\MLProject>python src/components/data_ingestion.py
[[ 4.84345595  4.97482382  2.00276196 ...  0.          2.09830697
  62.        ]
 [ 5.74295491  5.50547169  2.00276196 ...  2.09830697  0.
  66.        ]
 [ 6.15810828  5.70446464  2.00276196 ...  0.          2.09830697
  79.        ]
 ...
 [ 4.28991813  3.51554216  2.00276196 ...  0.          2.09830697
  53.        ]
 [ 3.32122694  3.51554216  0.         ...  2.09830697  0.
  50.        ]
 [ 6.29649274  5.90345759  2.00276196 ...  0.          2.09830697
  85.        ]]
[[ 5.9505316   5.57180267  2.00276196 ...  0.          2.09830697
  91.        ]
 [ 4.56668704  4.84216185  2.00276196 ...  2.09830697  0.
  53.        ]
 [ 5.05103263  4.77583086  0.         ...  0.          2.09830697
  80.        ]
 ...
 [ 5.60457046  5.0411548   2.00276196 ...  0.          2.09830697
  74.        ]
 [ 5.32780155  4.90849283  2.00276196 ...  0.          2.09830697
  65.        ]
 [ 5.12022486  4.77583086  2.00276196 ...  2.09830697  0.
  61.        ]]
Traceback (most recent call last):
  File "d:\mlproject\src\components\model_trainer.py", line 40, in initiate_model_traing
    train_array[:,:,-1],
    ~~~~~~~~~~~^^^^^^^^
IndexError: too many indices for array: array is 2-dimensional, but 3 were indexed

During handling of the above exception, another exception occurred:

Traceback (most recent call last):
  File "D:\MLProject\src\components\data_ingestion.py", line 66, in <module>
    print(modeltrainer.initiate_model_traing(train_arr,test_arr))
          ^^^^^^^^^^^^^^^^^^^^^^^^^^^^^^^^^^^^^^^^^^^^^^^^^^^^^^
  File "d:\mlproject\src\components\model_trainer.py", line 80, in initiate_model_traing
    raise CustomException(e,sys)
                          ^
NameError: name 'e' is not defined. Did you mean: 'ex'?

During handling of the above exception, another exception occurred:

Traceback (most recent call last):
  File "D:\MLProject\src\components\data_ingestion.py", line 70, in <module>
    raise CustomException(e,"list of arrays")
          ^^^^^^^^^^^^^^^^^^^^^^^^^^^^^^^^^^^
  File "d:\mlproject\src\exception.py", line 22, in __init__
    self.error_messsage=error_message_details(error_messsage,error_details=error_detail)
                        ^^^^^^^^^^^^^^^^^^^^^^^^^^^^^^^^^^^^^^^^^^^^^^^^^^^^^^^^^^^^^^^^
TypeError: error_message_details() got multiple values for argument 'error_details'

(d:\MLProject\env) D:\MLProject>python src/components/data_ingestion.py
Traceback (most recent call last):
  File "d:\mlproject\src\components\model_trainer.py", line 37, in initiate_model_traing
    logging.info("started initiate_model_traing"+self+"")
                 ~~~~~~~~~~~~~~~~~~~~~~~~~~~~~~~^~~~~
TypeError: can only concatenate str (not "ModelTrainer") to str

During handling of the above exception, another exception occurred:

Traceback (most recent call last):
  File "D:\MLProject\src\components\data_ingestion.py", line 66, in <module>
    print(modeltrainer.initiate_model_traing(train_arr,test_arr))
          ^^^^^^^^^^^^^^^^^^^^^^^^^^^^^^^^^^^^^^^^^^^^^^^^^^^^^^
  File "d:\mlproject\src\components\model_trainer.py", line 81, in initiate_model_traing
    raise CustomException(e,sys)
                          ^
NameError: name 'e' is not defined. Did you mean: 'ex'?

During handling of the above exception, another exception occurred:

Traceback (most recent call last):
  File "D:\MLProject\src\components\data_ingestion.py", line 70, in <module>
    raise CustomException(e,"list of arrays")
          ^^^^^^^^^^^^^^^^^^^^^^^^^^^^^^^^^^^
  File "d:\mlproject\src\exception.py", line 22, in __init__
    self.error_messsage=error_message_details(error_messsage,error_details=error_detail)
                        ^^^^^^^^^^^^^^^^^^^^^^^^^^^^^^^^^^^^^^^^^^^^^^^^^^^^^^^^^^^^^^^^
TypeError: error_message_details() got multiple values for argument 'error_details'

(d:\MLProject\env) D:\MLProject>python src/components/data_ingestion.py
Traceback (most recent call last):
  File "D:\MLProject\src\components\data_ingestion.py", line 66, in <module>
    print(modeltrainer.initiate_model_traing(obj,train_arr,test_arr))
          ^^^^^^^^^^^^^^^^^^^^^^^^^^^^^^^^^^^^^^^^^^^^^^^^^^^^^^^^^^
TypeError: ModelTrainer.initiate_model_traing() takes 3 positional arguments but 4 were given

During handling of the above exception, another exception occurred:

Traceback (most recent call last):
  File "D:\MLProject\src\components\data_ingestion.py", line 70, in <module>
    raise CustomException(e,"list of arrays")
          ^^^^^^^^^^^^^^^^^^^^^^^^^^^^^^^^^^^
  File "d:\mlproject\src\exception.py", line 22, in __init__
    self.error_messsage=error_message_details(error_messsage,error_details=error_detail)
                        ^^^^^^^^^^^^^^^^^^^^^^^^^^^^^^^^^^^^^^^^^^^^^^^^^^^^^^^^^^^^^^^^
TypeError: error_message_details() got multiple values for argument 'error_details'

(d:\MLProject\env) D:\MLProject>python src/components/data_ingestion.py
Traceback (most recent call last):
  File "D:\MLProject\src\components\data_ingestion.py", line 65, in <module>
    logging.info(""+train_arr+"")
                 ~~^~~~~~~~~~
numpy.core._exceptions._UFuncNoLoopError: ufunc 'add' did not contain a loop with signature matching types (dtype('<U1'), dtype('float64')) -> None

During handling of the above exception, another exception occurred:

Traceback (most recent call last):
  File "D:\MLProject\src\components\data_ingestion.py", line 71, in <module>
    raise CustomException(e,"list of arrays")
          ^^^^^^^^^^^^^^^^^^^^^^^^^^^^^^^^^^^
  File "d:\mlproject\src\exception.py", line 22, in __init__
    self.error_messsage=error_message_details(error_messsage,error_details=error_detail)
                        ^^^^^^^^^^^^^^^^^^^^^^^^^^^^^^^^^^^^^^^^^^^^^^^^^^^^^^^^^^^^^^^^
TypeError: error_message_details() got multiple values for argument 'error_details'

(d:\MLProject\env) D:\MLProject>python src/components/data_ingestion.py
Traceback (most recent call last):
  File "D:\MLProject\src\components\data_ingestion.py", line 65, in <module>
    logging.info(""+train_arr.shape+"")
                 ~~^~~~~~~~~~~~~~~~
TypeError: can only concatenate str (not "tuple") to str

During handling of the above exception, another exception occurred:

Traceback (most recent call last):
  File "D:\MLProject\src\components\data_ingestion.py", line 71, in <module>
    raise CustomException(e,"list of arrays")
          ^^^^^^^^^^^^^^^^^^^^^^^^^^^^^^^^^^^
  File "d:\mlproject\src\exception.py", line 22, in __init__
    self.error_messsage=error_message_details(error_messsage,error_details=error_detail)
                        ^^^^^^^^^^^^^^^^^^^^^^^^^^^^^^^^^^^^^^^^^^^^^^^^^^^^^^^^^^^^^^^^
TypeError: error_message_details() got multiple values for argument 'error_details'

(d:\MLProject\env) D:\MLProject>python src/components/data_ingestion.py
Traceback (most recent call last):
  File "D:\MLProject\src\components\data_ingestion.py", line 34, in initiate_data_ingestion
    logging.info(""+df+"")
                 ~~^~~
  File "C:\Users\ashwi\anaconda3\Lib\site-packages\pandas\core\ops\common.py", line 76, in new_method
    return method(self, other)
           ^^^^^^^^^^^^^^^^^^^
  File "C:\Users\ashwi\anaconda3\Lib\site-packages\pandas\core\arraylike.py", line 190, in __radd__
    return self._arith_method(other, roperator.radd)
           ^^^^^^^^^^^^^^^^^^^^^^^^^^^^^^^^^^^^^^^^^
  File "C:\Users\ashwi\anaconda3\Lib\site-packages\pandas\core\frame.py", line 7897, in _arith_method
    new_data = self._dispatch_frame_op(other, op, axis=axis)
               ^^^^^^^^^^^^^^^^^^^^^^^^^^^^^^^^^^^^^^^^^^^^^
  File "C:\Users\ashwi\anaconda3\Lib\site-packages\pandas\core\frame.py", line 7929, in _dispatch_frame_op
    bm = self._mgr.apply(array_op, right=right)
         ^^^^^^^^^^^^^^^^^^^^^^^^^^^^^^^^^^^^^^
  File "C:\Users\ashwi\anaconda3\Lib\site-packages\pandas\core\internals\managers.py", line 362, in apply
    applied = b.apply(f, **kwargs)
              ^^^^^^^^^^^^^^^^^^^^
  File "C:\Users\ashwi\anaconda3\Lib\site-packages\pandas\core\internals\blocks.py", line 393, in apply
    result = func(self.values, **kwargs)
             ^^^^^^^^^^^^^^^^^^^^^^^^^^^
  File "C:\Users\ashwi\anaconda3\Lib\site-packages\pandas\core\ops\array_ops.py", line 283, in arithmetic_op
    res_values = _na_arithmetic_op(left, right, op)  # type: ignore[arg-type]
                 ^^^^^^^^^^^^^^^^^^^^^^^^^^^^^^^^^^
  File "C:\Users\ashwi\anaconda3\Lib\site-packages\pandas\core\ops\array_ops.py", line 218, in _na_arithmetic_op
    result = func(left, right)
             ^^^^^^^^^^^^^^^^^
  File "C:\Users\ashwi\anaconda3\Lib\site-packages\pandas\core\roperator.py", line 11, in radd
    return right + left
           ~~~~~~^~~~~~
numpy.core._exceptions._UFuncNoLoopError: ufunc 'add' did not contain a loop with signature matching types (dtype('<U1'), dtype('int64')) -> None

During handling of the above exception, another exception occurred:

Traceback (most recent call last):
  File "D:\MLProject\src\components\data_ingestion.py", line 59, in <module>
    train_data,test_data=obj.initiate_data_ingestion()
                         ^^^^^^^^^^^^^^^^^^^^^^^^^^^^^
  File "D:\MLProject\src\components\data_ingestion.py", line 55, in initiate_data_ingestion
    raise CustomException(e,sys)
          ^^^^^^^^^^^^^^^^^^^^^^
  File "d:\mlproject\src\exception.py", line 22, in __init__
    self.error_messsage=error_message_details(error_messsage,error_details=error_detail)
                        ^^^^^^^^^^^^^^^^^^^^^^^^^^^^^^^^^^^^^^^^^^^^^^^^^^^^^^^^^^^^^^^^
TypeError: error_message_details() got multiple values for argument 'error_details'

During handling of the above exception, another exception occurred:

Traceback (most recent call last):
  File "D:\MLProject\src\components\data_ingestion.py", line 72, in <module>
    raise CustomException(e,"list of arrays")
          ^^^^^^^^^^^^^^^^^^^^^^^^^^^^^^^^^^^
  File "d:\mlproject\src\exception.py", line 22, in __init__
    self.error_messsage=error_message_details(error_messsage,error_details=error_detail)
                        ^^^^^^^^^^^^^^^^^^^^^^^^^^^^^^^^^^^^^^^^^^^^^^^^^^^^^^^^^^^^^^^^
TypeError: error_message_details() got multiple values for argument 'error_details'

(d:\MLProject\env) D:\MLProject>python src/components/data_ingestion.py
   gender race_ethnicity parental_level_of_education         lunch test_preparation_course  math_score  reading_score  writing_score
0  female        group B           bachelor's degree      standard                    none          72             72             74
1  female        group C                some college      standard               completed          69             90             88
2  female        group B             master's degree      standard                    none          90             95             93
3    male        group A          associate's degree  free/reduced                    none          47             57             44
4    male        group C                some college      standard                    none          76             78             75
Traceback (most recent call last):
  File "D:\MLProject\src\components\data_ingestion.py", line 69, in <module>
    logging.info(""+train_arr.shape+"")
                 ~~^~~~~~~~~~~~~~~~
TypeError: can only concatenate str (not "tuple") to str

During handling of the above exception, another exception occurred:

Traceback (most recent call last):
  File "D:\MLProject\src\components\data_ingestion.py", line 75, in <module>
    raise CustomException(e,"list of arrays")
          ^^^^^^^^^^^^^^^^^^^^^^^^^^^^^^^^^^^
  File "d:\mlproject\src\exception.py", line 22, in __init__
    self.error_messsage=error_message_details(error_messsage,error_details=error_detail)
                        ^^^^^^^^^^^^^^^^^^^^^^^^^^^^^^^^^^^^^^^^^^^^^^^^^^^^^^^^^^^^^^^^
TypeError: error_message_details() got multiple values for argument 'error_details'

(d:\MLProject\env) D:\MLProject>python src/components/data_ingestion.py
   gender race_ethnicity parental_level_of_education         lunch test_preparation_course  math_score  reading_score  writing_score
0  female        group B           bachelor's degree      standard                    none          72             72             74
1  female        group C                some college      standard               completed          69             90             88
2  female        group B             master's degree      standard                    none          90             95             93
3    male        group A          associate's degree  free/reduced                    none          47             57             44
4    male        group C                some college      standard                    none          76             78             75
Traceback (most recent call last):
  File "d:\mlproject\src\components\data_transformation.py", line 89, in initiate_data_transformation
    logging.info("Saving preprocessing Objects_saved File to "+preprocessor_obj_file_path+"")
                                                               ^^^^^^^^^^^^^^^^^^^^^^^^^^
NameError: name 'preprocessor_obj_file_path' is not defined

During handling of the above exception, another exception occurred:

Traceback (most recent call last):
  File "D:\MLProject\src\components\data_ingestion.py", line 66, in <module>
    train_arr,test_arr,_=data_transformation.initiate_data_transformation(train_data,test_data)
                         ^^^^^^^^^^^^^^^^^^^^^^^^^^^^^^^^^^^^^^^^^^^^^^^^^^^^^^^^^^^^^^^^^^^^^^
  File "d:\mlproject\src\components\data_transformation.py", line 97, in initiate_data_transformation
    raise CustomeException(ex,sys)
          ^^^^^^^^^^^^^^^^
NameError: name 'CustomeException' is not defined. Did you mean: 'CustomException'?

During handling of the above exception, another exception occurred:

Traceback (most recent call last):
  File "D:\MLProject\src\components\data_ingestion.py", line 75, in <module>
    raise CustomException(e,"list of arrays")
          ^^^^^^^^^^^^^^^^^^^^^^^^^^^^^^^^^^^
  File "d:\mlproject\src\exception.py", line 22, in __init__
    self.error_messsage=error_message_details(error_messsage,error_details=error_detail)
                        ^^^^^^^^^^^^^^^^^^^^^^^^^^^^^^^^^^^^^^^^^^^^^^^^^^^^^^^^^^^^^^^^
TypeError: error_message_details() got multiple values for argument 'error_details'

(d:\MLProject\env) D:\MLProject>python src/components/data_ingestion.py
   gender race_ethnicity parental_level_of_education         lunch test_preparation_course  math_score  reading_score  writing_score
0  female        group B           bachelor's degree      standard                    none          72             72             74
1  female        group C                some college      standard               completed          69             90             88
2  female        group B             master's degree      standard                    none          90             95             93
3    male        group A          associate's degree  free/reduced                    none          47             57             44
4    male        group C                some college      standard                    none          76             78             75
Traceback (most recent call last):
  File "d:\mlproject\src\components\data_transformation.py", line 89, in initiate_data_transformation
    logging.info("Saving preprocessing Objects_saved File to "+preprocessor_obj_file_path+"")
                                                               ^^^^^^^^^^^^^^^^^^^^^^^^^^
NameError: name 'preprocessor_obj_file_path' is not defined

During handling of the above exception, another exception occurred:

Traceback (most recent call last):
  File "D:\MLProject\src\components\data_ingestion.py", line 66, in <module>
    train_arr,test_arr,_=data_transformation.initiate_data_transformation(train_data,test_data)
                         ^^^^^^^^^^^^^^^^^^^^^^^^^^^^^^^^^^^^^^^^^^^^^^^^^^^^^^^^^^^^^^^^^^^^^^
  File "d:\mlproject\src\components\data_transformation.py", line 97, in initiate_data_transformation
    raise CustomeException(ex,sys)
          ^^^^^^^^^^^^^^^^
NameError: name 'CustomeException' is not defined. Did you mean: 'CustomException'?

During handling of the above exception, another exception occurred:

Traceback (most recent call last):
  File "D:\MLProject\src\components\data_ingestion.py", line 75, in <module>
    raise CustomException(e,"list of arrays")
          ^^^^^^^^^^^^^^^^^^^^^^^^^^^^^^^^^^^
  File "d:\mlproject\src\exception.py", line 22, in __init__
    self.error_messsage=error_message_details(error_messsage,error_details=error_detail)
                        ^^^^^^^^^^^^^^^^^^^^^^^^^^^^^^^^^^^^^^^^^^^^^^^^^^^^^^^^^^^^^^^^
TypeError: error_message_details() got multiple values for argument 'error_details'

(d:\MLProject\env) D:\MLProject>python src/components/data_ingestion.py
   gender race_ethnicity parental_level_of_education         lunch test_preparation_course  math_score  reading_score  writing_score
0  female        group B           bachelor's degree      standard                    none          72             72             74
1  female        group C                some college      standard               completed          69             90             88
2  female        group B             master's degree      standard                    none          90             95             93
3    male        group A          associate's degree  free/reduced                    none          47             57             44
4    male        group C                some college      standard                    none          76             78             75
Traceback (most recent call last):
  File "d:\mlproject\src\components\data_transformation.py", line 89, in initiate_data_transformation
    logging.info("Saving preprocessing Objects_saved File to "+preprocessor_obj_file_path+"")
                                                               ^^^^^^^^^^^^^^^^^^^^^^^^^^
NameError: name 'preprocessor_obj_file_path' is not defined

During handling of the above exception, another exception occurred:

Traceback (most recent call last):
  File "D:\MLProject\src\components\data_ingestion.py", line 66, in <module>
    train_arr,test_arr,_=data_transformation.initiate_data_transformation(train_data,test_data)
                         ^^^^^^^^^^^^^^^^^^^^^^^^^^^^^^^^^^^^^^^^^^^^^^^^^^^^^^^^^^^^^^^^^^^^^^
  File "d:\mlproject\src\components\data_transformation.py", line 97, in initiate_data_transformation
    raise CustomeException(ex,sys)
          ^^^^^^^^^^^^^^^^
NameError: name 'CustomeException' is not defined. Did you mean: 'CustomException'?

During handling of the above exception, another exception occurred:

Traceback (most recent call last):
  File "D:\MLProject\src\components\data_ingestion.py", line 75, in <module>
    raise CustomException(e,"list of arrays")
          ^^^^^^^^^^^^^^^^^^^^^^^^^^^^^^^^^^^
  File "d:\mlproject\src\exception.py", line 22, in __init__
    self.error_messsage=error_message_details(error_messsage,error_details=error_detail)
                        ^^^^^^^^^^^^^^^^^^^^^^^^^^^^^^^^^^^^^^^^^^^^^^^^^^^^^^^^^^^^^^^^
TypeError: error_message_details() got multiple values for argument 'error_details'

(d:\MLProject\env) D:\MLProject>python src/components/data_ingestion.py
   gender race_ethnicity parental_level_of_education         lunch test_preparation_course  math_score  reading_score  writing_score
0  female        group B           bachelor's degree      standard                    none          72             72             74
1  female        group C                some college      standard               completed          69             90             88
2  female        group B             master's degree      standard                    none          90             95             93
3    male        group A          associate's degree  free/reduced                    none          47             57             44
4    male        group C                some college      standard                    none          76             78             75
Traceback (most recent call last):
  File "d:\mlproject\src\components\data_transformation.py", line 89, in initiate_data_transformation
    logging.info("Saving preprocessing Objects_saved File to "+preprocessor_obj_file_path+"")
                                                               ^^^^^^^^^^^^^^^^^^^^^^^^^^
NameError: name 'preprocessor_obj_file_path' is not defined

During handling of the above exception, another exception occurred:

Traceback (most recent call last):
  File "D:\MLProject\src\components\data_ingestion.py", line 66, in <module>
    train_arr,test_arr,_=data_transformation.initiate_data_transformation(train_data,test_data)
                         ^^^^^^^^^^^^^^^^^^^^^^^^^^^^^^^^^^^^^^^^^^^^^^^^^^^^^^^^^^^^^^^^^^^^^^
  File "d:\mlproject\src\components\data_transformation.py", line 97, in initiate_data_transformation
    raise CustomException(ex,sys)
          ^^^^^^^^^^^^^^^^^^^^^^^
  File "d:\mlproject\src\exception.py", line 22, in __init__
    self.error_messsage=error_message_details(error_messsage,error_details=error_detail)
                        ^^^^^^^^^^^^^^^^^^^^^^^^^^^^^^^^^^^^^^^^^^^^^^^^^^^^^^^^^^^^^^^^
TypeError: error_message_details() got multiple values for argument 'error_details'

During handling of the above exception, another exception occurred:

Traceback (most recent call last):
  File "D:\MLProject\src\components\data_ingestion.py", line 75, in <module>
    raise CustomException(e,"list of arrays")
          ^^^^^^^^^^^^^^^^^^^^^^^^^^^^^^^^^^^
  File "d:\mlproject\src\exception.py", line 22, in __init__
    self.error_messsage=error_message_details(error_messsage,error_details=error_detail)
                        ^^^^^^^^^^^^^^^^^^^^^^^^^^^^^^^^^^^^^^^^^^^^^^^^^^^^^^^^^^^^^^^^
TypeError: error_message_details() got multiple values for argument 'error_details'

(d:\MLProject\env) D:\MLProject>python src/components/data_ingestion.py
   gender race_ethnicity parental_level_of_education         lunch test_preparation_course  math_score  reading_score  writing_score
0  female        group B           bachelor's degree      standard                    none          72             72             74
1  female        group C                some college      standard               completed          69             90             88
2  female        group B             master's degree      standard                    none          90             95             93
3    male        group A          associate's degree  free/reduced                    none          47             57             44
4    male        group C                some college      standard                    none          76             78             75
Traceback (most recent call last):
  File "D:\MLProject\src\components\data_ingestion.py", line 69, in <module>
    logging.info(""+train_arr.shape+"")
                 ~~^~~~~~~~~~~~~~~~
TypeError: can only concatenate str (not "tuple") to str

During handling of the above exception, another exception occurred:

Traceback (most recent call last):
  File "D:\MLProject\src\components\data_ingestion.py", line 75, in <module>
    raise CustomException(e,"list of arrays")
          ^^^^^^^^^^^^^^^^^^^^^^^^^^^^^^^^^^^
  File "d:\mlproject\src\exception.py", line 22, in __init__
    self.error_messsage=error_message_details(error_messsage,error_details=error_detail)
                        ^^^^^^^^^^^^^^^^^^^^^^^^^^^^^^^^^^^^^^^^^^^^^^^^^^^^^^^^^^^^^^^^
TypeError: error_message_details() got multiple values for argument 'error_details'

(d:\MLProject\env) D:\MLProject>python src/components/data_ingestion.py
Traceback (most recent call last):
  File "d:\mlproject\src\components\model_trainer.py", line 39, in initiate_model_traing
    train_array[:,:,-1],
    ~~~~~~~~~~~^^^^^^^^
IndexError: too many indices for array: array is 2-dimensional, but 3 were indexed

During handling of the above exception, another exception occurred:

Traceback (most recent call last):
  File "D:\MLProject\src\components\data_ingestion.py", line 67, in <module>
    print(modeltrainer.initiate_model_traing(train_arr,test_arr))
          ^^^^^^^^^^^^^^^^^^^^^^^^^^^^^^^^^^^^^^^^^^^^^^^^^^^^^^
  File "d:\mlproject\src\components\model_trainer.py", line 79, in initiate_model_traing
    raise CustomeException(e,sys)
          ^^^^^^^^^^^^^^^^
NameError: name 'CustomeException' is not defined. Did you mean: 'CustomException'?

During handling of the above exception, another exception occurred:

Traceback (most recent call last):
  File "D:\MLProject\src\components\data_ingestion.py", line 71, in <module>
    raise CustomException(e,"list of arrays")
          ^^^^^^^^^^^^^^^^^^^^^^^^^^^^^^^^^^^
  File "d:\mlproject\src\exception.py", line 22, in __init__
    self.error_messsage=error_message_details(error_messsage,error_details=error_detail)
                        ^^^^^^^^^^^^^^^^^^^^^^^^^^^^^^^^^^^^^^^^^^^^^^^^^^^^^^^^^^^^^^^^
TypeError: error_message_details() got multiple values for argument 'error_details'



======================================================================

    raise CustomeException(e,sys)

(d:\MLProject\env) D:\MLProject>python src/components/data_ingestion.py
Traceback (most recent call last):
  File "d:\mlproject\src\components\model_trainer.py", line 39, in initiate_model_traing
    train_array[:,:,-1],
    ~~~~~~~~~~~^^^^^^^^
IndexError: too many indices for array: array is 2-dimensional, but 3 were indexed

During handling of the above exception, another exception occurred:

Traceback (most recent call last):
  File "D:\MLProject\src\components\data_ingestion.py", line 67, in <module>
    print(modeltrainer.initiate_model_traing(train_arr,test_arr))
          ^^^^^^^^^^^^^^^^^^^^^^^^^^^^^^^^^^^^^^^^^^^^^^^^^^^^^^
  File "d:\mlproject\src\components\model_trainer.py", line 79, in initiate_model_traing
    raise CustomeException(e,sys) 
          ^^^^^^^^^^^^^^^^
NameError: name 'CustomeException' is not defined. Did you mean: 'CustomException'?

During handling of the above exception, another exception occurred:

Traceback (most recent call last):
  File "D:\MLProject\src\components\data_ingestion.py", line 71, in <module>
    raise CustomException(e,"list of arrays")
          ^^^^^^^^^^^^^^^^^^^^^^^^^^^^^^^^^^^
  File "d:\mlproject\src\exception.py", line 22, in __init__
    self.error_messsage=error_message_details(error_messsage,error_details=error_detail)
                        ^^^^^^^^^^^^^^^^^^^^^^^^^^^^^^^^^^^^^^^^^^^^^^^^^^^^^^^^^^^^^^^^
TypeError: error_message_details() got multiple values for argument 'error_details'

(d:\MLProject\env) D:\MLProject>^A


12:     learn: 9.5012482        total: 142ms    remaining: 10.8s
13:     learn: 9.1782730        total: 144ms    remaining: 10.1s
14:     learn: 8.8698925        total: 145ms    remaining: 9.55s
15:     learn: 8.5731595        total: 147ms    remaining: 9.03s
16:     learn: 8.2729213        total: 148ms    remaining: 8.56s
17:     learn: 7.9880175        total: 149ms    remaining: 8.14s
18:     learn: 7.7195401        total: 150ms    remaining: 7.76s
19:     learn: 7.4614560        total: 152ms    remaining: 7.44s
20:     learn: 7.2021943        total: 153ms    remaining: 7.14s
21:     learn: 6.9574622        total: 155ms    remaining: 6.88s
22:     learn: 6.7142598        total: 156ms    remaining: 6.63s
23:     learn: 6.4978879        total: 158ms    remaining: 6.41s
24:     learn: 6.2767346        total: 159ms    remaining: 6.22s
25:     learn: 6.0685608        total: 161ms    remaining: 6.02s
26:     learn: 5.8684327        total: 162ms    remaining: 5.83s
27:     learn: 5.6658751        total: 163ms    remaining: 5.64s
28:     learn: 5.4784684        total: 163ms    remaining: 5.47s
29:     learn: 5.2992018        total: 164ms    remaining: 5.31s
30:     learn: 5.1281531        total: 165ms    remaining: 5.17s
31:     learn: 4.9670626        total: 167ms    remaining: 5.04s
32:     learn: 4.8037306        total: 168ms    remaining: 4.91s
33:     learn: 4.6495484        total: 168ms    remaining: 4.79s
34:     learn: 4.4980167        total: 169ms    remaining: 4.67s
35:     learn: 4.3684843        total: 170ms    remaining: 4.55s
36:     learn: 4.2227721        total: 171ms    remaining: 4.45s
37:     learn: 4.1002096        total: 171ms    remaining: 4.34s
38:     learn: 3.9671142        total: 172ms    remaining: 4.24s
39:     learn: 3.8361662        total: 173ms    remaining: 4.14s
40:     learn: 3.7131136        total: 173ms    remaining: 4.05s
41:     learn: 3.5963781        total: 174ms    remaining: 3.97s
42:     learn: 3.4792543        total: 175ms    remaining: 3.88s
43:     learn: 3.3695271        total: 175ms    remaining: 3.8s
44:     learn: 3.2610198        total: 176ms    remaining: 3.73s
45:     learn: 3.1596287        total: 177ms    remaining: 3.67s
46:     learn: 3.0598230        total: 178ms    remaining: 3.61s
47:     learn: 2.9624324        total: 179ms    remaining: 3.54s
48:     learn: 2.8678573        total: 180ms    remaining: 3.49s
49:     learn: 2.7776023        total: 181ms    remaining: 3.44s
50:     learn: 2.6927111        total: 182ms    remaining: 3.38s
51:     learn: 2.6108115        total: 183ms    remaining: 3.33s
52:     learn: 2.5329377        total: 183ms    remaining: 3.27s
53:     learn: 2.4552234        total: 184ms    remaining: 3.23s
54:     learn: 2.3791889        total: 185ms    remaining: 3.17s
55:     learn: 2.3072350        total: 185ms    remaining: 3.13s
56:     learn: 2.2371882        total: 186ms    remaining: 3.08s
57:     learn: 2.1722792        total: 187ms    remaining: 3.04s
58:     learn: 2.1072568        total: 188ms    remaining: 3s
59:     learn: 2.0442581        total: 190ms    remaining: 2.98s
60:     learn: 1.9836191        total: 191ms    remaining: 2.94s
61:     learn: 1.9266396        total: 192ms    remaining: 2.9s
62:     learn: 1.8743002        total: 193ms    remaining: 2.86s
63:     learn: 1.8225862        total: 193ms    remaining: 2.83s
64:     learn: 1.7708713        total: 194ms    remaining: 2.79s
65:     learn: 1.7215866        total: 195ms    remaining: 2.76s
66:     learn: 1.6731405        total: 196ms    remaining: 2.73s
67:     learn: 1.6261035        total: 197ms    remaining: 2.7s
68:     learn: 1.5815732        total: 198ms    remaining: 2.67s
69:     learn: 1.5387264        total: 199ms    remaining: 2.64s
70:     learn: 1.4953111        total: 200ms    remaining: 2.61s
71:     learn: 1.4560628        total: 201ms    remaining: 2.58s
72:     learn: 1.4200576        total: 202ms    remaining: 2.56s
73:     learn: 1.3823124        total: 203ms    remaining: 2.53s
74:     learn: 1.3490301        total: 203ms    remaining: 2.51s
75:     learn: 1.3143142        total: 204ms    remaining: 2.48s
76:     learn: 1.2810117        total: 205ms    remaining: 2.46s
77:     learn: 1.2511344        total: 206ms    remaining: 2.43s
78:     learn: 1.2212663        total: 207ms    remaining: 2.41s
79:     learn: 1.1927054        total: 207ms    remaining: 2.38s
80:     learn: 1.1657675        total: 208ms    remaining: 2.36s
81:     learn: 1.1420211        total: 209ms    remaining: 2.33s
82:     learn: 1.1139970        total: 209ms    remaining: 2.31s
83:     learn: 1.0878982        total: 210ms    remaining: 2.29s
84:     learn: 1.0628479        total: 212ms    remaining: 2.28s
85:     learn: 1.0397147        total: 213ms    remaining: 2.26s
86:     learn: 1.0173461        total: 214ms    remaining: 2.24s
87:     learn: 0.9945567        total: 214ms    remaining: 2.22s
88:     learn: 0.9749226        total: 215ms    remaining: 2.2s
89:     learn: 0.9543192        total: 216ms    remaining: 2.18s
90:     learn: 0.9351136        total: 217ms    remaining: 2.17s
91:     learn: 0.9179606        total: 218ms    remaining: 2.15s
92:     learn: 0.8983937        total: 218ms    remaining: 2.13s
93:     learn: 0.8810977        total: 219ms    remaining: 2.11s
94:     learn: 0.8633855        total: 220ms    remaining: 2.09s
95:     learn: 0.8480632        total: 221ms    remaining: 2.08s
96:     learn: 0.8336502        total: 222ms    remaining: 2.06s
97:     learn: 0.8197832        total: 223ms    remaining: 2.05s
98:     learn: 0.8154504        total: 223ms    remaining: 2.03s
99:     learn: 0.7996339        total: 224ms    remaining: 2.02s
100:    learn: 0.7842121        total: 225ms    remaining: 2s
101:    learn: 0.7717477        total: 226ms    remaining: 1.99s
102:    learn: 0.7579896        total: 227ms    remaining: 1.97s
103:    learn: 0.7452220        total: 227ms    remaining: 1.96s
104:    learn: 0.7353399        total: 228ms    remaining: 1.94s
105:    learn: 0.7309323        total: 228ms    remaining: 1.92s
106:    learn: 0.7270596        total: 229ms    remaining: 1.91s
107:    learn: 0.7155961        total: 229ms    remaining: 1.89s
108:    learn: 0.7114341        total: 230ms    remaining: 1.88s
109:    learn: 0.7075686        total: 230ms    remaining: 1.86s
110:    learn: 0.7038807        total: 231ms    remaining: 1.85s
111:    learn: 0.7003470        total: 231ms    remaining: 1.83s
112:    learn: 0.6963287        total: 232ms    remaining: 1.82s
113:    learn: 0.6871169        total: 233ms    remaining: 1.81s
114:    learn: 0.6760313        total: 234ms    remaining: 1.8s
115:    learn: 0.6648617        total: 235ms    remaining: 1.79s
116:    learn: 0.6618678        total: 235ms    remaining: 1.77s
117:    learn: 0.6589196        total: 235ms    remaining: 1.76s
118:    learn: 0.6473935        total: 236ms    remaining: 1.75s
119:    learn: 0.6437546        total: 236ms    remaining: 1.73s
120:    learn: 0.6335130        total: 237ms    remaining: 1.72s
121:    learn: 0.6254677        total: 237ms    remaining: 1.71s
122:    learn: 0.6218920        total: 238ms    remaining: 1.7s
123:    learn: 0.6186883        total: 238ms    remaining: 1.68s
124:    learn: 0.6101034        total: 239ms    remaining: 1.67s
125:    learn: 0.6043227        total: 239ms    remaining: 1.66s
126:    learn: 0.5961798        total: 240ms    remaining: 1.65s
127:    learn: 0.5928904        total: 240ms    remaining: 1.64s
128:    learn: 0.5896201        total: 241ms    remaining: 1.62s
129:    learn: 0.5866943        total: 241ms    remaining: 1.61s
130:    learn: 0.5833454        total: 242ms    remaining: 1.6s
131:    learn: 0.5744196        total: 243ms    remaining: 1.6s
132:    learn: 0.5664593        total: 244ms    remaining: 1.59s
133:    learn: 0.5597280        total: 245ms    remaining: 1.58s
134:    learn: 0.5506660        total: 245ms    remaining: 1.57s
135:    learn: 0.5476830        total: 246ms    remaining: 1.56s
136:    learn: 0.5394997        total: 246ms    remaining: 1.55s
137:    learn: 0.5365440        total: 247ms    remaining: 1.54s
138:    learn: 0.5338899        total: 247ms    remaining: 1.53s
139:    learn: 0.5309470        total: 248ms    remaining: 1.52s
140:    learn: 0.5282341        total: 248ms    remaining: 1.51s
141:    learn: 0.5253040        total: 248ms    remaining: 1.5s
142:    learn: 0.5227555        total: 249ms    remaining: 1.49s
143:    learn: 0.5200867        total: 249ms    remaining: 1.48s
144:    learn: 0.5175367        total: 250ms    remaining: 1.47s
145:    learn: 0.5101290        total: 250ms    remaining: 1.46s
146:    learn: 0.5039174        total: 251ms    remaining: 1.45s
147:    learn: 0.4972648        total: 251ms    remaining: 1.45s
148:    learn: 0.4949185        total: 252ms    remaining: 1.44s
149:    learn: 0.4926075        total: 252ms    remaining: 1.43s
150:    learn: 0.4905616        total: 252ms    remaining: 1.42s
151:    learn: 0.4864519        total: 253ms    remaining: 1.41s
152:    learn: 0.4790217        total: 254ms    remaining: 1.41s
153:    learn: 0.4765761        total: 255ms    remaining: 1.4s
154:    learn: 0.4695823        total: 256ms    remaining: 1.4s
155:    learn: 0.4673422        total: 256ms    remaining: 1.39s
156:    learn: 0.4648531        total: 257ms    remaining: 1.38s
157:    learn: 0.4629715        total: 257ms    remaining: 1.37s
158:    learn: 0.4571793        total: 258ms    remaining: 1.36s
159:    learn: 0.4550100        total: 258ms    remaining: 1.35s
160:    learn: 0.4483416        total: 259ms    remaining: 1.35s
161:    learn: 0.4463575        total: 259ms    remaining: 1.34s
162:    learn: 0.4441117        total: 259ms    remaining: 1.33s
163:    learn: 0.4420695        total: 260ms    remaining: 1.32s
164:    learn: 0.4400486        total: 260ms    remaining: 1.32s
165:    learn: 0.4381822        total: 261ms    remaining: 1.31s
166:    learn: 0.4361057        total: 261ms    remaining: 1.3s
167:    learn: 0.4342332        total: 262ms    remaining: 1.3s
168:    learn: 0.4322502        total: 262ms    remaining: 1.29s
169:    learn: 0.4303446        total: 263ms    remaining: 1.28s
170:    learn: 0.4249268        total: 264ms    remaining: 1.28s
171:    learn: 0.4231155        total: 264ms    remaining: 1.27s
172:    learn: 0.4213303        total: 265ms    remaining: 1.26s
173:    learn: 0.4196387        total: 266ms    remaining: 1.26s
174:    learn: 0.4179166        total: 266ms    remaining: 1.25s
175:    learn: 0.4126829        total: 267ms    remaining: 1.25s
176:    learn: 0.4073916        total: 268ms    remaining: 1.25s
177:    learn: 0.4028074        total: 268ms    remaining: 1.24s
178:    learn: 0.3982021        total: 269ms    remaining: 1.23s
179:    learn: 0.3966424        total: 269ms    remaining: 1.23s
180:    learn: 0.3950414        total: 270ms    remaining: 1.22s
181:    learn: 0.3935305        total: 270ms    remaining: 1.21s
182:    learn: 0.3920437        total: 270ms    remaining: 1.21s
183:    learn: 0.3905565        total: 271ms    remaining: 1.2s
184:    learn: 0.3889789        total: 271ms    remaining: 1.2s
185:    learn: 0.3875618        total: 272ms    remaining: 1.19s
186:    learn: 0.3860728        total: 272ms    remaining: 1.18s
187:    learn: 0.3847007        total: 272ms    remaining: 1.18s
188:    learn: 0.3832511        total: 273ms    remaining: 1.17s
189:    learn: 0.3819227        total: 273ms    remaining: 1.16s
190:    learn: 0.3805822        total: 273ms    remaining: 1.16s
191:    learn: 0.3792306        total: 274ms    remaining: 1.15s
192:    learn: 0.3778736        total: 275ms    remaining: 1.15s
193:    learn: 0.3765633        total: 275ms    remaining: 1.14s
194:    learn: 0.3753395        total: 276ms    remaining: 1.14s
195:    learn: 0.3714853        total: 277ms    remaining: 1.14s
196:    learn: 0.3670768        total: 278ms    remaining: 1.13s
197:    learn: 0.3629337        total: 279ms    remaining: 1.13s
198:    learn: 0.3617159        total: 279ms    remaining: 1.12s
199:    learn: 0.3605626        total: 279ms    remaining: 1.12s
200:    learn: 0.3593937        total: 280ms    remaining: 1.11s
201:    learn: 0.3555100        total: 280ms    remaining: 1.11s
202:    learn: 0.3520998        total: 281ms    remaining: 1.1s
203:    learn: 0.3487047        total: 281ms    remaining: 1.1s
204:    learn: 0.3475873        total: 282ms    remaining: 1.09s
205:    learn: 0.3439374        total: 282ms    remaining: 1.09s
206:    learn: 0.3428464        total: 283ms    remaining: 1.08s
207:    learn: 0.3417801        total: 283ms    remaining: 1.08s
208:    learn: 0.3382276        total: 284ms    remaining: 1.07s
209:    learn: 0.3348629        total: 285ms    remaining: 1.07s
210:    learn: 0.3338504        total: 285ms    remaining: 1.06s
211:    learn: 0.3328206        total: 285ms    remaining: 1.06s
212:    learn: 0.3318269        total: 286ms    remaining: 1.06s
213:    learn: 0.3287662        total: 287ms    remaining: 1.05s
214:    learn: 0.3277601        total: 288ms    remaining: 1.05s
215:    learn: 0.3268237        total: 289ms    remaining: 1.05s
216:    learn: 0.3259020        total: 289ms    remaining: 1.04s
217:    learn: 0.3230912        total: 290ms    remaining: 1.04s
218:    learn: 0.3221830        total: 291ms    remaining: 1.04s
219:    learn: 0.3212917        total: 291ms    remaining: 1.03s
220:    learn: 0.3204155        total: 292ms    remaining: 1.03s
221:    learn: 0.3195656        total: 292ms    remaining: 1.02s
222:    learn: 0.3169147        total: 292ms    remaining: 1.02s
223:    learn: 0.3160442        total: 293ms    remaining: 1.01s
224:    learn: 0.3152327        total: 293ms    remaining: 1.01s
225:    learn: 0.3144165        total: 294ms    remaining: 1.01s
226:    learn: 0.3135789        total: 294ms    remaining: 1s
227:    learn: 0.3127303        total: 295ms    remaining: 998ms
228:    learn: 0.3103560        total: 295ms    remaining: 994ms
229:    learn: 0.3096077        total: 296ms    remaining: 990ms
230:    learn: 0.3088803        total: 296ms    remaining: 986ms
231:    learn: 0.3061595        total: 297ms    remaining: 983ms
232:    learn: 0.3054014        total: 298ms    remaining: 980ms
233:    learn: 0.3028655        total: 298ms    remaining: 977ms
234:    learn: 0.3021033        total: 300ms    remaining: 975ms
235:    learn: 0.3014064        total: 300ms    remaining: 972ms
236:    learn: 0.3007432        total: 301ms    remaining: 968ms
237:    learn: 0.2985310        total: 301ms    remaining: 965ms
238:    learn: 0.2978173        total: 302ms    remaining: 961ms
239:    learn: 0.2971460        total: 302ms    remaining: 958ms
240:    learn: 0.2951331        total: 303ms    remaining: 954ms
241:    learn: 0.2944537        total: 304ms    remaining: 951ms
242:    learn: 0.2938155        total: 304ms    remaining: 947ms
243:    learn: 0.2932194        total: 304ms    remaining: 943ms
244:    learn: 0.2913623        total: 305ms    remaining: 939ms
245:    learn: 0.2907886        total: 305ms    remaining: 935ms
246:    learn: 0.2901904        total: 305ms    remaining: 931ms
247:    learn: 0.2875833        total: 306ms    remaining: 928ms
248:    learn: 0.2856198        total: 307ms    remaining: 924ms
249:    learn: 0.2850564        total: 307ms    remaining: 921ms
250:    learn: 0.2844680        total: 307ms    remaining: 917ms
251:    learn: 0.2838905        total: 308ms    remaining: 914ms
252:    learn: 0.2821171        total: 308ms    remaining: 911ms
253:    learn: 0.2816117        total: 309ms    remaining: 908ms
254:    learn: 0.2810870        total: 310ms    remaining: 905ms
255:    learn: 0.2789724        total: 311ms    remaining: 904ms
256:    learn: 0.2772865        total: 312ms    remaining: 901ms
257:    learn: 0.2767842        total: 312ms    remaining: 899ms
258:    learn: 0.2762904        total: 313ms    remaining: 896ms
259:    learn: 0.2746329        total: 314ms    remaining: 893ms
260:    learn: 0.2741331        total: 314ms    remaining: 890ms
261:    learn: 0.2736850        total: 315ms    remaining: 886ms
262:    learn: 0.2718901        total: 315ms    remaining: 883ms
263:    learn: 0.2714602        total: 315ms    remaining: 879ms
264:    learn: 0.2710381        total: 316ms    remaining: 875ms
265:    learn: 0.2694533        total: 316ms    remaining: 872ms
266:    learn: 0.2690407        total: 316ms    remaining: 869ms
267:    learn: 0.2683055        total: 317ms    remaining: 865ms
268:    learn: 0.2678899        total: 317ms    remaining: 863ms
269:    learn: 0.2663410        total: 318ms    remaining: 860ms
270:    learn: 0.2659083        total: 318ms    remaining: 857ms
271:    learn: 0.2644222        total: 319ms    remaining: 854ms
272:    learn: 0.2640318        total: 319ms    remaining: 850ms
273:    learn: 0.2636486        total: 320ms    remaining: 847ms
274:    learn: 0.2632058        total: 320ms    remaining: 845ms
275:    learn: 0.2614731        total: 322ms    remaining: 844ms
276:    learn: 0.2611247        total: 322ms    remaining: 841ms
277:    learn: 0.2597421        total: 323ms    remaining: 840ms
278:    learn: 0.2593883        total: 324ms    remaining: 838ms
279:    learn: 0.2590604        total: 325ms    remaining: 835ms
280:    learn: 0.2577881        total: 325ms    remaining: 832ms
281:    learn: 0.2574512        total: 326ms    remaining: 830ms
282:    learn: 0.2571371        total: 326ms    remaining: 826ms
283:    learn: 0.2562154        total: 327ms    remaining: 823ms
284:    learn: 0.2558951        total: 327ms    remaining: 821ms
285:    learn: 0.2555749        total: 328ms    remaining: 818ms
286:    learn: 0.2543827        total: 328ms    remaining: 815ms
287:    learn: 0.2521069        total: 329ms    remaining: 812ms
288:    learn: 0.2503421        total: 329ms    remaining: 810ms
289:    learn: 0.2500438        total: 330ms    remaining: 807ms
290:    learn: 0.2497496        total: 330ms    remaining: 804ms
291:    learn: 0.2494622        total: 330ms    remaining: 801ms
292:    learn: 0.2485183        total: 331ms    remaining: 799ms
293:    learn: 0.2482402        total: 331ms    remaining: 796ms
294:    learn: 0.2479674        total: 332ms    remaining: 793ms
295:    learn: 0.2467645        total: 333ms    remaining: 791ms
296:    learn: 0.2465003        total: 333ms    remaining: 789ms
297:    learn: 0.2455108        total: 334ms    remaining: 787ms
298:    learn: 0.2431964        total: 335ms    remaining: 786ms
299:    learn: 0.2429431        total: 336ms    remaining: 784ms
300:    learn: 0.2426945        total: 337ms    remaining: 782ms
301:    learn: 0.2416066        total: 337ms    remaining: 780ms
302:    learn: 0.2406298        total: 338ms    remaining: 777ms
303:    learn: 0.2403925        total: 338ms    remaining: 775ms
304:    learn: 0.2401595        total: 339ms    remaining: 772ms
305:    learn: 0.2389674        total: 340ms    remaining: 770ms
306:    learn: 0.2387418        total: 340ms    remaining: 768ms
307:    learn: 0.2367154        total: 340ms    remaining: 765ms
308:    learn: 0.2364962        total: 341ms    remaining: 762ms
309:    learn: 0.2362811        total: 341ms    remaining: 760ms
310:    learn: 0.2360700        total: 342ms    remaining: 757ms
311:    learn: 0.2350145        total: 342ms    remaining: 755ms
312:    learn: 0.2348102        total: 343ms    remaining: 752ms
313:    learn: 0.2338753        total: 343ms    remaining: 750ms
314:    learn: 0.2336776        total: 344ms    remaining: 748ms
315:    learn: 0.2334836        total: 344ms    remaining: 746ms
316:    learn: 0.2324285        total: 345ms    remaining: 744ms
317:    learn: 0.2322408        total: 346ms    remaining: 742ms
318:    learn: 0.2320566        total: 347ms    remaining: 740ms
319:    learn: 0.2311492        total: 348ms    remaining: 740ms
320:    learn: 0.2309710        total: 349ms    remaining: 739ms
321:    learn: 0.2307961        total: 350ms    remaining: 736ms
322:    learn: 0.2291213        total: 350ms    remaining: 735ms
323:    learn: 0.2289514        total: 351ms    remaining: 732ms
324:    learn: 0.2287847        total: 352ms    remaining: 730ms
325:    learn: 0.2274072        total: 352ms    remaining: 728ms
326:    learn: 0.2272454        total: 353ms    remaining: 726ms
327:    learn: 0.2270867        total: 353ms    remaining: 723ms
328:    learn: 0.2262754        total: 353ms    remaining: 721ms
329:    learn: 0.2261218        total: 354ms    remaining: 719ms
330:    learn: 0.2252646        total: 354ms    remaining: 716ms
331:    learn: 0.2251159        total: 355ms    remaining: 714ms
332:    learn: 0.2247939        total: 355ms    remaining: 712ms
333:    learn: 0.2237945        total: 356ms    remaining: 710ms
334:    learn: 0.2236528        total: 357ms    remaining: 708ms
335:    learn: 0.2218916        total: 357ms    remaining: 706ms
336:    learn: 0.2211065        total: 358ms    remaining: 704ms
337:    learn: 0.2209708        total: 358ms    remaining: 702ms
338:    learn: 0.2208377        total: 359ms    remaining: 699ms
339:    learn: 0.2207071        total: 359ms    remaining: 697ms
340:    learn: 0.2187721        total: 360ms    remaining: 695ms
341:    learn: 0.2172085        total: 360ms    remaining: 693ms
342:    learn: 0.2170827        total: 361ms    remaining: 691ms
343:    learn: 0.2169593        total: 361ms    remaining: 689ms
344:    learn: 0.2163092        total: 362ms    remaining: 687ms
345:    learn: 0.2153762        total: 362ms    remaining: 684ms
346:    learn: 0.2152583        total: 363ms    remaining: 682ms
347:    learn: 0.2144558        total: 363ms    remaining: 680ms
348:    learn: 0.2143415        total: 363ms    remaining: 678ms
349:    learn: 0.2140764        total: 364ms    remaining: 676ms
350:    learn: 0.2139662        total: 365ms    remaining: 675ms
351:    learn: 0.2123419        total: 366ms    remaining: 674ms
352:    learn: 0.2122349        total: 367ms    remaining: 673ms
353:    learn: 0.2116291        total: 368ms    remaining: 671ms
354:    learn: 0.2113835        total: 368ms    remaining: 669ms
355:    learn: 0.2106480        total: 369ms    remaining: 668ms
356:    learn: 0.2091739        total: 370ms    remaining: 666ms
357:    learn: 0.2090744        total: 370ms    remaining: 664ms
358:    learn: 0.2085201        total: 371ms    remaining: 662ms
359:    learn: 0.2084239        total: 371ms    remaining: 660ms
360:    learn: 0.2083294        total: 372ms    remaining: 658ms
361:    learn: 0.2071500        total: 372ms    remaining: 656ms
362:    learn: 0.2070585        total: 373ms    remaining: 654ms
363:    learn: 0.2063487        total: 373ms    remaining: 652ms
364:    learn: 0.2062599        total: 374ms    remaining: 650ms
365:    learn: 0.2049542        total: 374ms    remaining: 648ms
366:    learn: 0.2046344        total: 375ms    remaining: 646ms
367:    learn: 0.2044280        total: 375ms    remaining: 644ms
368:    learn: 0.2043415        total: 376ms    remaining: 642ms
369:    learn: 0.2042600        total: 376ms    remaining: 640ms
370:    learn: 0.2027519        total: 377ms    remaining: 638ms
371:    learn: 0.2024142        total: 377ms    remaining: 637ms
372:    learn: 0.2022286        total: 378ms    remaining: 636ms
373:    learn: 0.2021508        total: 379ms    remaining: 635ms
374:    learn: 0.2020745        total: 380ms    remaining: 633ms
375:    learn: 0.2008716        total: 381ms    remaining: 632ms
376:    learn: 0.2004311        total: 381ms    remaining: 630ms
377:    learn: 0.2003589        total: 382ms    remaining: 628ms
378:    learn: 0.1993346        total: 382ms    remaining: 627ms
379:    learn: 0.1983015        total: 383ms    remaining: 625ms
380:    learn: 0.1977565        total: 383ms    remaining: 623ms
381:    learn: 0.1976881        total: 384ms    remaining: 621ms
382:    learn: 0.1965251        total: 384ms    remaining: 619ms
383:    learn: 0.1963641        total: 385ms    remaining: 617ms
384:    learn: 0.1951822        total: 385ms    remaining: 615ms
385:    learn: 0.1950228        total: 386ms    remaining: 614ms
386:    learn: 0.1948723        total: 386ms    remaining: 612ms
387:    learn: 0.1936470        total: 387ms    remaining: 610ms
388:    learn: 0.1935853        total: 387ms    remaining: 608ms
389:    learn: 0.1934436        total: 388ms    remaining: 606ms
390:    learn: 0.1933839        total: 388ms    remaining: 605ms
391:    learn: 0.1929987        total: 389ms    remaining: 603ms
392:    learn: 0.1928648        total: 390ms    remaining: 602ms
393:    learn: 0.1928082        total: 391ms    remaining: 601ms
394:    learn: 0.1927510        total: 392ms    remaining: 600ms
395:    learn: 0.1918193        total: 392ms    remaining: 599ms
396:    learn: 0.1911065        total: 393ms    remaining: 597ms
397:    learn: 0.1909821        total: 394ms    remaining: 596ms
398:    learn: 0.1909299        total: 394ms    remaining: 594ms
399:    learn: 0.1900627        total: 395ms    remaining: 592ms
400:    learn: 0.1900106        total: 395ms    remaining: 591ms
401:    learn: 0.1896753        total: 396ms    remaining: 589ms
402:    learn: 0.1884602        total: 396ms    remaining: 587ms
403:    learn: 0.1876626        total: 397ms    remaining: 585ms
404:    learn: 0.1871812        total: 397ms    remaining: 584ms
405:    learn: 0.1870698        total: 398ms    remaining: 582ms
406:    learn: 0.1863493        total: 398ms    remaining: 580ms
407:    learn: 0.1860110        total: 399ms    remaining: 579ms
408:    learn: 0.1859049        total: 399ms    remaining: 577ms
409:    learn: 0.1850697        total: 400ms    remaining: 575ms
410:    learn: 0.1845238        total: 400ms    remaining: 574ms
411:    learn: 0.1837780        total: 401ms    remaining: 572ms
412:    learn: 0.1837350        total: 402ms    remaining: 571ms
413:    learn: 0.1836929        total: 403ms    remaining: 570ms
414:    learn: 0.1836515        total: 404ms    remaining: 569ms
415:    learn: 0.1827623        total: 405ms    remaining: 568ms
416:    learn: 0.1820650        total: 405ms    remaining: 566ms
417:    learn: 0.1812489        total: 406ms    remaining: 565ms
418:    learn: 0.1805945        total: 407ms    remaining: 564ms
419:    learn: 0.1805010        total: 407ms    remaining: 562ms
420:    learn: 0.1804104        total: 408ms    remaining: 560ms
421:    learn: 0.1803730        total: 408ms    remaining: 559ms
422:    learn: 0.1802884        total: 409ms    remaining: 557ms
423:    learn: 0.1796791        total: 409ms    remaining: 556ms
424:    learn: 0.1796437        total: 410ms    remaining: 554ms
425:    learn: 0.1788098        total: 410ms    remaining: 553ms
426:    learn: 0.1782369        total: 411ms    remaining: 551ms
427:    learn: 0.1782016        total: 411ms    remaining: 549ms
428:    learn: 0.1771997        total: 412ms    remaining: 548ms
429:    learn: 0.1763274        total: 412ms    remaining: 546ms
430:    learn: 0.1762495        total: 413ms    remaining: 545ms
431:    learn: 0.1757019        total: 414ms    remaining: 544ms
432:    learn: 0.1756689        total: 414ms    remaining: 543ms
433:    learn: 0.1750915        total: 416ms    remaining: 542ms
434:    learn: 0.1750192        total: 416ms    remaining: 541ms
435:    learn: 0.1749889        total: 417ms    remaining: 539ms
436:    learn: 0.1749582        total: 418ms    remaining: 538ms
437:    learn: 0.1743426        total: 418ms    remaining: 537ms
438:    learn: 0.1739535        total: 419ms    remaining: 535ms
439:    learn: 0.1734118        total: 419ms    remaining: 533ms
440:    learn: 0.1723615        total: 420ms    remaining: 532ms
441:    learn: 0.1722875        total: 420ms    remaining: 531ms
442:    learn: 0.1713831        total: 421ms    remaining: 529ms
443:    learn: 0.1702916        total: 421ms    remaining: 528ms
444:    learn: 0.1698107        total: 422ms    remaining: 526ms
445:    learn: 0.1697817        total: 422ms    remaining: 524ms
446:    learn: 0.1686326        total: 423ms    remaining: 523ms
447:    learn: 0.1686044        total: 423ms    remaining: 522ms
448:    learn: 0.1675806        total: 424ms    remaining: 520ms
449:    learn: 0.1675530        total: 424ms    remaining: 518ms
450:    learn: 0.1666026        total: 425ms    remaining: 517ms
451:    learn: 0.1660348        total: 426ms    remaining: 516ms
452:    learn: 0.1650697        total: 426ms    remaining: 515ms
453:    learn: 0.1640762        total: 428ms    remaining: 514ms
454:    learn: 0.1631911        total: 429ms    remaining: 513ms
455:    learn: 0.1627620        total: 429ms    remaining: 512ms
456:    learn: 0.1622177        total: 430ms    remaining: 511ms
457:    learn: 0.1613347        total: 431ms    remaining: 510ms
458:    learn: 0.1603896        total: 431ms    remaining: 508ms
459:    learn: 0.1598935        total: 432ms    remaining: 507ms
460:    learn: 0.1589351        total: 432ms    remaining: 505ms
461:    learn: 0.1584486        total: 433ms    remaining: 504ms
462:    learn: 0.1575676        total: 433ms    remaining: 502ms
463:    learn: 0.1571495        total: 433ms    remaining: 501ms
464:    learn: 0.1564075        total: 434ms    remaining: 499ms
465:    learn: 0.1555499        total: 435ms    remaining: 498ms
466:    learn: 0.1547610        total: 435ms    remaining: 497ms
467:    learn: 0.1543734        total: 436ms    remaining: 495ms
468:    learn: 0.1541610        total: 436ms    remaining: 494ms
469:    learn: 0.1541368        total: 436ms    remaining: 492ms
470:    learn: 0.1533937        total: 437ms    remaining: 491ms
471:    learn: 0.1529245        total: 438ms    remaining: 490ms
472:    learn: 0.1520412        total: 439ms    remaining: 489ms
473:    learn: 0.1511964        total: 440ms    remaining: 488ms
474:    learn: 0.1506915        total: 441ms    remaining: 487ms
475:    learn: 0.1501095        total: 441ms    remaining: 486ms
476:    learn: 0.1497467        total: 442ms    remaining: 485ms
477:    learn: 0.1489586        total: 443ms    remaining: 484ms
478:    learn: 0.1482220        total: 443ms    remaining: 482ms
479:    learn: 0.1477800        total: 444ms    remaining: 481ms
480:    learn: 0.1470078        total: 445ms    remaining: 480ms
481:    learn: 0.1463140        total: 445ms    remaining: 478ms
482:    learn: 0.1459632        total: 446ms    remaining: 477ms
483:    learn: 0.1455342        total: 446ms    remaining: 476ms
484:    learn: 0.1452007        total: 447ms    remaining: 474ms
485:    learn: 0.1443064        total: 447ms    remaining: 473ms
486:    learn: 0.1439109        total: 448ms    remaining: 472ms
487:    learn: 0.1430250        total: 448ms    remaining: 470ms
488:    learn: 0.1421749        total: 449ms    remaining: 469ms
489:    learn: 0.1417336        total: 450ms    remaining: 468ms
490:    learn: 0.1413618        total: 451ms    remaining: 467ms
491:    learn: 0.1405601        total: 452ms    remaining: 467ms
492:    learn: 0.1402578        total: 453ms    remaining: 466ms
493:    learn: 0.1396972        total: 453ms    remaining: 464ms
494:    learn: 0.1389419        total: 454ms    remaining: 463ms
495:    learn: 0.1380742        total: 455ms    remaining: 462ms
496:    learn: 0.1377023        total: 455ms    remaining: 460ms
497:    learn: 0.1373704        total: 455ms    remaining: 459ms
498:    learn: 0.1364690        total: 456ms    remaining: 458ms
499:    learn: 0.1358883        total: 457ms    remaining: 457ms
500:    learn: 0.1350607        total: 457ms    remaining: 455ms
501:    learn: 0.1347328        total: 458ms    remaining: 454ms
502:    learn: 0.1344335        total: 458ms    remaining: 453ms
503:    learn: 0.1341546        total: 458ms    remaining: 451ms
504:    learn: 0.1333558        total: 459ms    remaining: 450ms
505:    learn: 0.1325894        total: 459ms    remaining: 449ms
506:    learn: 0.1317695        total: 460ms    remaining: 447ms
507:    learn: 0.1311377        total: 461ms    remaining: 446ms
508:    learn: 0.1304519        total: 461ms    remaining: 445ms
509:    learn: 0.1301365        total: 462ms    remaining: 444ms
510:    learn: 0.1295489        total: 463ms    remaining: 443ms
511:    learn: 0.1288465        total: 464ms    remaining: 442ms
512:    learn: 0.1280839        total: 465ms    remaining: 441ms
513:    learn: 0.1271944        total: 466ms    remaining: 440ms
514:    learn: 0.1265170        total: 466ms    remaining: 439ms
515:    learn: 0.1262505        total: 467ms    remaining: 438ms
516:    learn: 0.1259519        total: 468ms    remaining: 437ms
517:    learn: 0.1252213        total: 468ms    remaining: 435ms
518:    learn: 0.1245526        total: 468ms    remaining: 434ms
519:    learn: 0.1239534        total: 469ms    remaining: 433ms
520:    learn: 0.1233453        total: 469ms    remaining: 432ms
521:    learn: 0.1226354        total: 470ms    remaining: 430ms
522:    learn: 0.1222049        total: 470ms    remaining: 429ms
523:    learn: 0.1217974        total: 471ms    remaining: 428ms
524:    learn: 0.1215523        total: 471ms    remaining: 427ms
525:    learn: 0.1213196        total: 472ms    remaining: 425ms
526:    learn: 0.1207528        total: 472ms    remaining: 424ms
527:    learn: 0.1199497        total: 473ms    remaining: 423ms
528:    learn: 0.1192781        total: 473ms    remaining: 422ms
529:    learn: 0.1189896        total: 474ms    remaining: 420ms
530:    learn: 0.1187193        total: 475ms    remaining: 420ms
531:    learn: 0.1180866        total: 476ms    remaining: 419ms
532:    learn: 0.1175578        total: 477ms    remaining: 418ms
533:    learn: 0.1169628        total: 478ms    remaining: 417ms
534:    learn: 0.1164049        total: 478ms    remaining: 416ms
535:    learn: 0.1158700        total: 479ms    remaining: 415ms
536:    learn: 0.1152695        total: 480ms    remaining: 413ms
537:    learn: 0.1147603        total: 480ms    remaining: 412ms
538:    learn: 0.1143837        total: 480ms    remaining: 411ms
539:    learn: 0.1138504        total: 481ms    remaining: 410ms
540:    learn: 0.1136146        total: 481ms    remaining: 408ms
541:    learn: 0.1128773        total: 482ms    remaining: 407ms
542:    learn: 0.1123815        total: 483ms    remaining: 406ms
543:    learn: 0.1118399        total: 483ms    remaining: 405ms
544:    learn: 0.1114137        total: 484ms    remaining: 404ms
545:    learn: 0.1111447        total: 484ms    remaining: 402ms
546:    learn: 0.1108792        total: 484ms    remaining: 401ms
547:    learn: 0.1105016        total: 485ms    remaining: 400ms
548:    learn: 0.1099496        total: 486ms    remaining: 399ms
549:    learn: 0.1099198        total: 486ms    remaining: 398ms
550:    learn: 0.1098897        total: 487ms    remaining: 397ms
551:    learn: 0.1095470        total: 488ms    remaining: 396ms
552:    learn: 0.1092015        total: 489ms    remaining: 395ms
553:    learn: 0.1084797        total: 490ms    remaining: 394ms
554:    learn: 0.1079992        total: 490ms    remaining: 393ms
555:    learn: 0.1075302        total: 491ms    remaining: 392ms
556:    learn: 0.1075013        total: 492ms    remaining: 391ms
557:    learn: 0.1068551        total: 492ms    remaining: 390ms
558:    learn: 0.1063217        total: 493ms    remaining: 389ms
559:    learn: 0.1057953        total: 493ms    remaining: 387ms
560:    learn: 0.1054854        total: 494ms    remaining: 386ms
561:    learn: 0.1054581        total: 494ms    remaining: 385ms
562:    learn: 0.1054313        total: 495ms    remaining: 384ms
563:    learn: 0.1050936        total: 495ms    remaining: 383ms
564:    learn: 0.1044651        total: 496ms    remaining: 382ms
565:    learn: 0.1041399        total: 496ms    remaining: 380ms
566:    learn: 0.1036400        total: 497ms    remaining: 379ms
567:    learn: 0.1031719        total: 497ms    remaining: 378ms
568:    learn: 0.1026965        total: 498ms    remaining: 377ms
569:    learn: 0.1023041        total: 498ms    remaining: 376ms
570:    learn: 0.1018684        total: 499ms    remaining: 375ms
571:    learn: 0.1012951        total: 500ms    remaining: 374ms
572:    learn: 0.1010060        total: 501ms    remaining: 374ms
573:    learn: 0.1006437        total: 502ms    remaining: 373ms
574:    learn: 0.1001687        total: 503ms    remaining: 372ms
575:    learn: 0.0999496        total: 504ms    remaining: 371ms
576:    learn: 0.0999212        total: 504ms    remaining: 370ms
577:    learn: 0.0996197        total: 505ms    remaining: 368ms
578:    learn: 0.0990363        total: 505ms    remaining: 367ms
579:    learn: 0.0988301        total: 506ms    remaining: 366ms
580:    learn: 0.0988025        total: 506ms    remaining: 365ms
581:    learn: 0.0987746        total: 507ms    remaining: 364ms
582:    learn: 0.0982641        total: 507ms    remaining: 363ms
583:    learn: 0.0977717        total: 508ms    remaining: 362ms
584:    learn: 0.0973776        total: 508ms    remaining: 360ms
585:    learn: 0.0968902        total: 509ms    remaining: 359ms
586:    learn: 0.0964851        total: 509ms    remaining: 358ms
587:    learn: 0.0960218        total: 510ms    remaining: 357ms
588:    learn: 0.0957483        total: 510ms    remaining: 356ms
589:    learn: 0.0957221        total: 511ms    remaining: 355ms
590:    learn: 0.0952501        total: 512ms    remaining: 355ms
591:    learn: 0.0948357        total: 514ms    remaining: 354ms
592:    learn: 0.0944275        total: 515ms    remaining: 353ms
593:    learn: 0.0944015        total: 516ms    remaining: 352ms
594:    learn: 0.0939802        total: 516ms    remaining: 352ms
595:    learn: 0.0935629        total: 517ms    remaining: 351ms
596:    learn: 0.0934539        total: 518ms    remaining: 350ms
597:    learn: 0.0934263        total: 518ms    remaining: 348ms
598:    learn: 0.0934010        total: 519ms    remaining: 347ms
599:    learn: 0.0930131        total: 520ms    remaining: 346ms
600:    learn: 0.0929882        total: 520ms    remaining: 345ms
601:    learn: 0.0925390        total: 521ms    remaining: 344ms
602:    learn: 0.0919868        total: 522ms    remaining: 343ms
603:    learn: 0.0915867        total: 522ms    remaining: 342ms
604:    learn: 0.0913813        total: 523ms    remaining: 341ms
605:    learn: 0.0910202        total: 524ms    remaining: 341ms
606:    learn: 0.0906460        total: 525ms    remaining: 340ms
607:    learn: 0.0906210        total: 526ms    remaining: 339ms
608:    learn: 0.0905965        total: 527ms    remaining: 338ms
609:    learn: 0.0903554        total: 527ms    remaining: 337ms
610:    learn: 0.0900114        total: 528ms    remaining: 336ms
611:    learn: 0.0899854        total: 529ms    remaining: 335ms
612:    learn: 0.0895518        total: 529ms    remaining: 334ms
613:    learn: 0.0891287        total: 530ms    remaining: 333ms
614:    learn: 0.0887723        total: 530ms    remaining: 332ms
615:    learn: 0.0881898        total: 531ms    remaining: 331ms
616:    learn: 0.0880809        total: 531ms    remaining: 330ms
617:    learn: 0.0876694        total: 532ms    remaining: 329ms
618:    learn: 0.0872894        total: 532ms    remaining: 328ms
619:    learn: 0.0869555        total: 533ms    remaining: 327ms
620:    learn: 0.0866243        total: 533ms    remaining: 326ms
621:    learn: 0.0865978        total: 534ms    remaining: 324ms
622:    learn: 0.0860580        total: 534ms    remaining: 323ms
623:    learn: 0.0855432        total: 535ms    remaining: 322ms
624:    learn: 0.0852393        total: 536ms    remaining: 322ms
625:    learn: 0.0852140        total: 537ms    remaining: 321ms
626:    learn: 0.0847329        total: 538ms    remaining: 320ms
627:    learn: 0.0844301        total: 539ms    remaining: 319ms
628:    learn: 0.0842389        total: 540ms    remaining: 318ms
629:    learn: 0.0842149        total: 540ms    remaining: 317ms
630:    learn: 0.0840296        total: 540ms    remaining: 316ms
631:    learn: 0.0836302        total: 541ms    remaining: 315ms
632:    learn: 0.0830871        total: 541ms    remaining: 314ms
633:    learn: 0.0830633        total: 542ms    remaining: 313ms
634:    learn: 0.0827859        total: 542ms    remaining: 312ms
635:    learn: 0.0823519        total: 543ms    remaining: 311ms
636:    learn: 0.0823284        total: 544ms    remaining: 310ms
637:    learn: 0.0819763        total: 544ms    remaining: 309ms
638:    learn: 0.0819531        total: 545ms    remaining: 308ms
639:    learn: 0.0816436        total: 545ms    remaining: 307ms
640:    learn: 0.0811222        total: 546ms    remaining: 306ms
641:    learn: 0.0805669        total: 546ms    remaining: 304ms
642:    learn: 0.0801947        total: 547ms    remaining: 304ms
643:    learn: 0.0801715        total: 547ms    remaining: 303ms
644:    learn: 0.0799007        total: 548ms    remaining: 302ms
645:    learn: 0.0794769        total: 549ms    remaining: 301ms
646:    learn: 0.0789638        total: 550ms    remaining: 300ms
647:    learn: 0.0787048        total: 551ms    remaining: 299ms
648:    learn: 0.0784437        total: 552ms    remaining: 298ms
649:    learn: 0.0783309        total: 552ms    remaining: 297ms
650:    learn: 0.0781677        total: 553ms    remaining: 296ms
651:    learn: 0.0779102        total: 553ms    remaining: 295ms
652:    learn: 0.0774506        total: 554ms    remaining: 294ms
653:    learn: 0.0771480        total: 554ms    remaining: 293ms
654:    learn: 0.0768630        total: 555ms    remaining: 292ms
655:    learn: 0.0768395        total: 555ms    remaining: 291ms
656:    learn: 0.0766658        total: 556ms    remaining: 290ms
657:    learn: 0.0764926        total: 556ms    remaining: 289ms
658:    learn: 0.0764689        total: 557ms    remaining: 288ms
659:    learn: 0.0760792        total: 557ms    remaining: 287ms
660:    learn: 0.0759008        total: 558ms    remaining: 286ms
661:    learn: 0.0756814        total: 558ms    remaining: 285ms
662:    learn: 0.0755735        total: 559ms    remaining: 284ms
663:    learn: 0.0751322        total: 560ms    remaining: 283ms
664:    learn: 0.0751090        total: 561ms    remaining: 282ms
665:    learn: 0.0750862        total: 562ms    remaining: 282ms
666:    learn: 0.0750630        total: 563ms    remaining: 281ms
667:    learn: 0.0748425        total: 563ms    remaining: 280ms
668:    learn: 0.0743877        total: 564ms    remaining: 279ms
669:    learn: 0.0743661        total: 565ms    remaining: 278ms
670:    learn: 0.0738959        total: 565ms    remaining: 277ms
671:    learn: 0.0738746        total: 566ms    remaining: 276ms
672:    learn: 0.0735149        total: 567ms    remaining: 275ms
673:    learn: 0.0734939        total: 567ms    remaining: 274ms
674:    learn: 0.0733313        total: 568ms    remaining: 273ms
675:    learn: 0.0731670        total: 568ms    remaining: 272ms
676:    learn: 0.0729773        total: 569ms    remaining: 271ms
677:    learn: 0.0728062        total: 569ms    remaining: 270ms
678:    learn: 0.0723552        total: 570ms    remaining: 269ms
679:    learn: 0.0723346        total: 570ms    remaining: 268ms
680:    learn: 0.0722279        total: 571ms    remaining: 268ms
681:    learn: 0.0720786        total: 572ms    remaining: 267ms
682:    learn: 0.0720584        total: 573ms    remaining: 266ms
683:    learn: 0.0718427        total: 574ms    remaining: 265ms
684:    learn: 0.0714527        total: 574ms    remaining: 264ms
685:    learn: 0.0713085        total: 575ms    remaining: 263ms
686:    learn: 0.0712881        total: 576ms    remaining: 262ms
687:    learn: 0.0708658        total: 576ms    remaining: 261ms
688:    learn: 0.0708461        total: 576ms    remaining: 260ms
689:    learn: 0.0706429        total: 577ms    remaining: 259ms
690:    learn: 0.0705366        total: 577ms    remaining: 258ms
691:    learn: 0.0701601        total: 578ms    remaining: 257ms
692:    learn: 0.0698227        total: 578ms    remaining: 256ms
693:    learn: 0.0698034        total: 579ms    remaining: 255ms
694:    learn: 0.0696874        total: 579ms    remaining: 254ms
695:    learn: 0.0693687        total: 580ms    remaining: 253ms
696:    learn: 0.0693497        total: 580ms    remaining: 252ms
697:    learn: 0.0691619        total: 581ms    remaining: 251ms
698:    learn: 0.0688410        total: 581ms    remaining: 250ms
699:    learn: 0.0687373        total: 582ms    remaining: 249ms
700:    learn: 0.0687173        total: 583ms    remaining: 249ms
701:    learn: 0.0685528        total: 584ms    remaining: 248ms
702:    learn: 0.0681673        total: 585ms    remaining: 247ms
703:    learn: 0.0677939        total: 585ms    remaining: 246ms
704:    learn: 0.0676192        total: 586ms    remaining: 245ms
705:    learn: 0.0673034        total: 587ms    remaining: 244ms
706:    learn: 0.0672846        total: 587ms    remaining: 243ms
707:    learn: 0.0672661        total: 588ms    remaining: 242ms
708:    learn: 0.0669356        total: 588ms    remaining: 241ms
709:    learn: 0.0667774        total: 589ms    remaining: 240ms
710:    learn: 0.0667592        total: 589ms    remaining: 239ms
711:    learn: 0.0665690        total: 590ms    remaining: 239ms
712:    learn: 0.0663775        total: 590ms    remaining: 238ms
713:    learn: 0.0660983        total: 591ms    remaining: 237ms
714:    learn: 0.0659830        total: 591ms    remaining: 236ms
715:    learn: 0.0658798        total: 592ms    remaining: 235ms
716:    learn: 0.0656962        total: 592ms    remaining: 234ms
717:    learn: 0.0655970        total: 593ms    remaining: 233ms
718:    learn: 0.0652919        total: 593ms    remaining: 232ms
719:    learn: 0.0650041        total: 594ms    remaining: 231ms
720:    learn: 0.0649859        total: 595ms    remaining: 230ms
721:    learn: 0.0646923        total: 596ms    remaining: 229ms
722:    learn: 0.0645717        total: 597ms    remaining: 229ms
723:    learn: 0.0641851        total: 598ms    remaining: 228ms
724:    learn: 0.0640179        total: 598ms    remaining: 227ms
725:    learn: 0.0638643        total: 599ms    remaining: 226ms
726:    learn: 0.0635370        total: 600ms    remaining: 225ms
727:    learn: 0.0634329        total: 600ms    remaining: 224ms
728:    learn: 0.0632902        total: 601ms    remaining: 223ms
729:    learn: 0.0632724        total: 601ms    remaining: 222ms
730:    learn: 0.0631675        total: 602ms    remaining: 221ms
731:    learn: 0.0629074        total: 602ms    remaining: 220ms
732:    learn: 0.0625453        total: 603ms    remaining: 220ms
733:    learn: 0.0625276        total: 603ms    remaining: 219ms
734:    learn: 0.0624322        total: 604ms    remaining: 218ms
735:    learn: 0.0621171        total: 604ms    remaining: 217ms
736:    learn: 0.0618300        total: 605ms    remaining: 216ms
737:    learn: 0.0616840        total: 605ms    remaining: 215ms
738:    learn: 0.0616666        total: 606ms    remaining: 214ms
739:    learn: 0.0613562        total: 606ms    remaining: 213ms
740:    learn: 0.0613392        total: 607ms    remaining: 212ms
741:    learn: 0.0610682        total: 608ms    remaining: 211ms
742:    learn: 0.0609751        total: 609ms    remaining: 211ms
743:    learn: 0.0608723        total: 610ms    remaining: 210ms
744:    learn: 0.0605635        total: 611ms    remaining: 209ms
745:    learn: 0.0605470        total: 611ms    remaining: 208ms
746:    learn: 0.0604280        total: 612ms    remaining: 207ms
747:    learn: 0.0603121        total: 612ms    remaining: 206ms
748:    learn: 0.0602223        total: 613ms    remaining: 205ms
749:    learn: 0.0599407        total: 613ms    remaining: 204ms
750:    learn: 0.0596808        total: 614ms    remaining: 204ms
751:    learn: 0.0594366        total: 614ms    remaining: 203ms
752:    learn: 0.0593101        total: 615ms    remaining: 202ms
753:    learn: 0.0592127        total: 615ms    remaining: 201ms
754:    learn: 0.0591072        total: 616ms    remaining: 200ms
755:    learn: 0.0588813        total: 616ms    remaining: 199ms
756:    learn: 0.0586328        total: 617ms    remaining: 198ms
757:    learn: 0.0586154        total: 617ms    remaining: 197ms
758:    learn: 0.0585992        total: 618ms    remaining: 196ms
759:    learn: 0.0584554        total: 618ms    remaining: 195ms
760:    learn: 0.0582263        total: 619ms    remaining: 194ms
761:    learn: 0.0580779        total: 620ms    remaining: 194ms
762:    learn: 0.0577094        total: 621ms    remaining: 193ms
763:    learn: 0.0573632        total: 622ms    remaining: 192ms
764:    learn: 0.0572119        total: 623ms    remaining: 191ms
765:    learn: 0.0571956        total: 624ms    remaining: 190ms
766:    learn: 0.0569182        total: 624ms    remaining: 190ms
767:    learn: 0.0566997        total: 625ms    remaining: 189ms
768:    learn: 0.0564995        total: 625ms    remaining: 188ms
769:    learn: 0.0563678        total: 626ms    remaining: 187ms
770:    learn: 0.0561452        total: 626ms    remaining: 186ms
771:    learn: 0.0560405        total: 627ms    remaining: 185ms
772:    learn: 0.0559260        total: 627ms    remaining: 184ms
773:    learn: 0.0559097        total: 628ms    remaining: 183ms
774:    learn: 0.0558939        total: 628ms    remaining: 182ms
775:    learn: 0.0556512        total: 629ms    remaining: 182ms
776:    learn: 0.0553372        total: 629ms    remaining: 181ms
777:    learn: 0.0552106        total: 630ms    remaining: 180ms
778:    learn: 0.0549414        total: 630ms    remaining: 179ms
779:    learn: 0.0546885        total: 631ms    remaining: 178ms
780:    learn: 0.0545541        total: 632ms    remaining: 177ms
781:    learn: 0.0543229        total: 632ms    remaining: 176ms
782:    learn: 0.0543069        total: 633ms    remaining: 176ms
783:    learn: 0.0541141        total: 634ms    remaining: 175ms
784:    learn: 0.0540983        total: 635ms    remaining: 174ms
785:    learn: 0.0538610        total: 636ms    remaining: 173ms
786:    learn: 0.0536918        total: 636ms    remaining: 172ms
787:    learn: 0.0535627        total: 637ms    remaining: 171ms
788:    learn: 0.0535471        total: 637ms    remaining: 170ms
789:    learn: 0.0534301        total: 638ms    remaining: 170ms
790:    learn: 0.0532054        total: 638ms    remaining: 169ms
791:    learn: 0.0530824        total: 639ms    remaining: 168ms
792:    learn: 0.0529721        total: 639ms    remaining: 167ms
793:    learn: 0.0527572        total: 640ms    remaining: 166ms
794:    learn: 0.0526304        total: 640ms    remaining: 165ms
795:    learn: 0.0526150        total: 641ms    remaining: 164ms
796:    learn: 0.0525276        total: 641ms    remaining: 163ms
797:    learn: 0.0524199        total: 642ms    remaining: 162ms
798:    learn: 0.0522463        total: 642ms    remaining: 162ms
799:    learn: 0.0522312        total: 643ms    remaining: 161ms
800:    learn: 0.0521552        total: 644ms    remaining: 160ms
801:    learn: 0.0519362        total: 644ms    remaining: 159ms
802:    learn: 0.0519213        total: 645ms    remaining: 158ms
803:    learn: 0.0517054        total: 646ms    remaining: 158ms
804:    learn: 0.0514031        total: 647ms    remaining: 157ms
805:    learn: 0.0513884        total: 648ms    remaining: 156ms
806:    learn: 0.0512853        total: 649ms    remaining: 155ms
807:    learn: 0.0510520        total: 649ms    remaining: 154ms
808:    learn: 0.0509439        total: 650ms    remaining: 153ms
809:    learn: 0.0506658        total: 650ms    remaining: 153ms
810:    learn: 0.0505921        total: 651ms    remaining: 152ms
811:    learn: 0.0504738        total: 651ms    remaining: 151ms
812:    learn: 0.0503604        total: 652ms    remaining: 150ms
813:    learn: 0.0503457        total: 652ms    remaining: 149ms
814:    learn: 0.0502384        total: 653ms    remaining: 148ms
815:    learn: 0.0500243        total: 653ms    remaining: 147ms
816:    learn: 0.0500099        total: 654ms    remaining: 146ms
817:    learn: 0.0497888        total: 654ms    remaining: 146ms
818:    learn: 0.0495823        total: 655ms    remaining: 145ms
819:    learn: 0.0493664        total: 655ms    remaining: 144ms
820:    learn: 0.0491728        total: 656ms    remaining: 143ms
821:    learn: 0.0490690        total: 656ms    remaining: 142ms
822:    learn: 0.0489584        total: 657ms    remaining: 141ms
823:    learn: 0.0487768        total: 658ms    remaining: 141ms
824:    learn: 0.0486682        total: 659ms    remaining: 140ms
825:    learn: 0.0486519        total: 660ms    remaining: 139ms
826:    learn: 0.0484784        total: 660ms    remaining: 138ms
827:    learn: 0.0483694        total: 661ms    remaining: 137ms
828:    learn: 0.0483534        total: 662ms    remaining: 136ms
829:    learn: 0.0481421        total: 662ms    remaining: 136ms
830:    learn: 0.0480382        total: 663ms    remaining: 135ms
831:    learn: 0.0478428        total: 663ms    remaining: 134ms
832:    learn: 0.0476552        total: 664ms    remaining: 133ms
833:    learn: 0.0475597        total: 664ms    remaining: 132ms
834:    learn: 0.0472957        total: 665ms    remaining: 131ms
835:    learn: 0.0470865        total: 665ms    remaining: 130ms
836:    learn: 0.0469831        total: 666ms    remaining: 130ms
837:    learn: 0.0467919        total: 666ms    remaining: 129ms
838:    learn: 0.0466756        total: 667ms    remaining: 128ms
839:    learn: 0.0465897        total: 667ms    remaining: 127ms
840:    learn: 0.0463373        total: 668ms    remaining: 126ms
841:    learn: 0.0462234        total: 668ms    remaining: 125ms
842:    learn: 0.0461409        total: 669ms    remaining: 125ms
843:    learn: 0.0460434        total: 670ms    remaining: 124ms
844:    learn: 0.0458451        total: 671ms    remaining: 123ms
845:    learn: 0.0456628        total: 672ms    remaining: 122ms
846:    learn: 0.0455568        total: 673ms    remaining: 121ms
847:    learn: 0.0454178        total: 673ms    remaining: 121ms
848:    learn: 0.0453634        total: 674ms    remaining: 120ms
849:    learn: 0.0453484        total: 674ms    remaining: 119ms
850:    learn: 0.0453337        total: 675ms    remaining: 118ms
851:    learn: 0.0451555        total: 675ms    remaining: 117ms
852:    learn: 0.0450746        total: 676ms    remaining: 116ms
853:    learn: 0.0449841        total: 676ms    remaining: 116ms
854:    learn: 0.0448143        total: 677ms    remaining: 115ms
855:    learn: 0.0447284        total: 677ms    remaining: 114ms
856:    learn: 0.0447119        total: 678ms    remaining: 113ms
857:    learn: 0.0446975        total: 678ms    remaining: 112ms
858:    learn: 0.0445383        total: 679ms    remaining: 111ms
859:    learn: 0.0444411        total: 679ms    remaining: 111ms
860:    learn: 0.0443521        total: 680ms    remaining: 110ms
861:    learn: 0.0443023        total: 680ms    remaining: 109ms
862:    learn: 0.0442595        total: 681ms    remaining: 108ms
863:    learn: 0.0440124        total: 682ms    remaining: 107ms
864:    learn: 0.0439163        total: 683ms    remaining: 107ms
865:    learn: 0.0438112        total: 684ms    remaining: 106ms
866:    learn: 0.0436589        total: 685ms    remaining: 105ms
867:    learn: 0.0434805        total: 685ms    remaining: 104ms
868:    learn: 0.0433885        total: 686ms    remaining: 103ms
869:    learn: 0.0433741        total: 687ms    remaining: 103ms
870:    learn: 0.0432743        total: 687ms    remaining: 102ms
871:    learn: 0.0431909        total: 687ms    remaining: 101ms
872:    learn: 0.0431146        total: 688ms    remaining: 100ms
873:    learn: 0.0431004        total: 688ms    remaining: 99.2ms
874:    learn: 0.0430866        total: 689ms    remaining: 98.4ms
875:    learn: 0.0429456        total: 689ms    remaining: 97.6ms
876:    learn: 0.0428137        total: 690ms    remaining: 96.8ms
877:    learn: 0.0427187        total: 690ms    remaining: 95.9ms
878:    learn: 0.0425524        total: 691ms    remaining: 95.1ms
879:    learn: 0.0425090        total: 691ms    remaining: 94.3ms
880:    learn: 0.0423398        total: 692ms    remaining: 93.4ms
881:    learn: 0.0422578        total: 692ms    remaining: 92.6ms
882:    learn: 0.0421015        total: 693ms    remaining: 91.8ms
883:    learn: 0.0420586        total: 694ms    remaining: 91.1ms
884:    learn: 0.0419680        total: 695ms    remaining: 90.3ms
885:    learn: 0.0419259        total: 696ms    remaining: 89.6ms
886:    learn: 0.0418391        total: 697ms    remaining: 88.8ms
887:    learn: 0.0417520        total: 698ms    remaining: 88ms
888:    learn: 0.0415212        total: 698ms    remaining: 87.2ms
889:    learn: 0.0414593        total: 699ms    remaining: 86.4ms
890:    learn: 0.0413753        total: 699ms    remaining: 85.6ms
891:    learn: 0.0413271        total: 700ms    remaining: 84.7ms
892:    learn: 0.0412851        total: 700ms    remaining: 83.9ms
893:    learn: 0.0410664        total: 701ms    remaining: 83.1ms
894:    learn: 0.0409761        total: 702ms    remaining: 82.3ms
895:    learn: 0.0407696        total: 702ms    remaining: 81.5ms
896:    learn: 0.0407555        total: 703ms    remaining: 80.7ms
897:    learn: 0.0407418        total: 703ms    remaining: 79.8ms
898:    learn: 0.0407003        total: 703ms    remaining: 79ms
899:    learn: 0.0406108        total: 704ms    remaining: 78.2ms
900:    learn: 0.0405289        total: 704ms    remaining: 77.4ms
901:    learn: 0.0404504        total: 705ms    remaining: 76.6ms
902:    learn: 0.0403752        total: 706ms    remaining: 75.8ms
903:    learn: 0.0401813        total: 707ms    remaining: 75ms
904:    learn: 0.0400215        total: 707ms    remaining: 74.2ms
905:    learn: 0.0398811        total: 709ms    remaining: 73.5ms
906:    learn: 0.0396726        total: 710ms    remaining: 72.8ms
907:    learn: 0.0395995        total: 710ms    remaining: 72ms
908:    learn: 0.0395294        total: 711ms    remaining: 71.2ms
909:    learn: 0.0394622        total: 712ms    remaining: 70.4ms
910:    learn: 0.0393825        total: 712ms    remaining: 69.6ms
911:    learn: 0.0393405        total: 713ms    remaining: 68.8ms
912:    learn: 0.0392196        total: 713ms    remaining: 68ms
913:    learn: 0.0390427        total: 714ms    remaining: 67.2ms
914:    learn: 0.0389830        total: 714ms    remaining: 66.4ms
915:    learn: 0.0389690        total: 715ms    remaining: 65.6ms
916:    learn: 0.0388985        total: 715ms    remaining: 64.7ms
917:    learn: 0.0387524        total: 716ms    remaining: 63.9ms
918:    learn: 0.0387107        total: 716ms    remaining: 63.1ms
919:    learn: 0.0386452        total: 717ms    remaining: 62.3ms
920:    learn: 0.0385711        total: 718ms    remaining: 61.5ms
921:    learn: 0.0383366        total: 718ms    remaining: 60.8ms
922:    learn: 0.0382112        total: 719ms    remaining: 60ms
923:    learn: 0.0379902        total: 720ms    remaining: 59.2ms
924:    learn: 0.0379485        total: 721ms    remaining: 58.5ms
925:    learn: 0.0378595        total: 722ms    remaining: 57.7ms
926:    learn: 0.0377439        total: 722ms    remaining: 56.9ms
927:    learn: 0.0376797        total: 723ms    remaining: 56.1ms
928:    learn: 0.0376181        total: 724ms    remaining: 55.3ms
929:    learn: 0.0374084        total: 724ms    remaining: 54.5ms
930:    learn: 0.0373524        total: 725ms    remaining: 53.7ms
931:    learn: 0.0371820        total: 725ms    remaining: 52.9ms
932:    learn: 0.0371029        total: 726ms    remaining: 52.1ms
933:    learn: 0.0370887        total: 726ms    remaining: 51.3ms
934:    learn: 0.0370476        total: 726ms    remaining: 50.5ms
935:    learn: 0.0369027        total: 727ms    remaining: 49.7ms
936:    learn: 0.0368362        total: 727ms    remaining: 48.9ms
937:    learn: 0.0367552        total: 728ms    remaining: 48.1ms
938:    learn: 0.0366841        total: 729ms    remaining: 47.3ms
939:    learn: 0.0364833        total: 729ms    remaining: 46.5ms
940:    learn: 0.0364243        total: 730ms    remaining: 45.7ms
941:    learn: 0.0362594        total: 730ms    remaining: 45ms
942:    learn: 0.0362454        total: 731ms    remaining: 44.2ms
943:    learn: 0.0360903        total: 732ms    remaining: 43.4ms
944:    learn: 0.0359870        total: 733ms    remaining: 42.7ms
945:    learn: 0.0359343        total: 734ms    remaining: 41.9ms
946:    learn: 0.0357924        total: 734ms    remaining: 41.1ms
947:    learn: 0.0356493        total: 735ms    remaining: 40.3ms
948:    learn: 0.0355980        total: 735ms    remaining: 39.5ms
949:    learn: 0.0355561        total: 736ms    remaining: 38.7ms
950:    learn: 0.0354981        total: 736ms    remaining: 37.9ms
951:    learn: 0.0354234        total: 737ms    remaining: 37.1ms
952:    learn: 0.0354092        total: 737ms    remaining: 36.4ms
953:    learn: 0.0353594        total: 738ms    remaining: 35.6ms
954:    learn: 0.0353182        total: 738ms    remaining: 34.8ms
955:    learn: 0.0352778        total: 739ms    remaining: 34ms
956:    learn: 0.0350825        total: 739ms    remaining: 33.2ms
957:    learn: 0.0350263        total: 740ms    remaining: 32.4ms
958:    learn: 0.0349564        total: 740ms    remaining: 31.6ms
959:    learn: 0.0349024        total: 741ms    remaining: 30.9ms
960:    learn: 0.0348302        total: 741ms    remaining: 30.1ms
961:    learn: 0.0348162        total: 742ms    remaining: 29.3ms
962:    learn: 0.0347691        total: 743ms    remaining: 28.5ms
963:    learn: 0.0347556        total: 744ms    remaining: 27.8ms
964:    learn: 0.0346489        total: 745ms    remaining: 27ms
965:    learn: 0.0345174        total: 745ms    remaining: 26.2ms
966:    learn: 0.0344666        total: 746ms    remaining: 25.5ms
967:    learn: 0.0343973        total: 746ms    remaining: 24.7ms
968:    learn: 0.0342143        total: 747ms    remaining: 23.9ms
969:    learn: 0.0341671        total: 748ms    remaining: 23.1ms
970:    learn: 0.0341016        total: 748ms    remaining: 22.3ms
971:    learn: 0.0339661        total: 749ms    remaining: 21.6ms
972:    learn: 0.0339263        total: 749ms    remaining: 20.8ms
973:    learn: 0.0338000        total: 749ms    remaining: 20ms
974:    learn: 0.0337865        total: 750ms    remaining: 19.2ms
975:    learn: 0.0337382        total: 750ms    remaining: 18.5ms
976:    learn: 0.0336936        total: 751ms    remaining: 17.7ms
977:    learn: 0.0336568        total: 752ms    remaining: 16.9ms
978:    learn: 0.0336175        total: 752ms    remaining: 16.1ms
979:    learn: 0.0336040        total: 752ms    remaining: 15.4ms
980:    learn: 0.0335907        total: 753ms    remaining: 14.6ms
981:    learn: 0.0335552        total: 754ms    remaining: 13.8ms
982:    learn: 0.0335168        total: 754ms    remaining: 13ms
983:    learn: 0.0334036        total: 756ms    remaining: 12.3ms
984:    learn: 0.0333693        total: 757ms    remaining: 11.5ms
985:    learn: 0.0331991        total: 757ms    remaining: 10.8ms
986:    learn: 0.0330283        total: 758ms    remaining: 9.98ms
987:    learn: 0.0330154        total: 759ms    remaining: 9.21ms
988:    learn: 0.0329704        total: 759ms    remaining: 8.44ms
989:    learn: 0.0328420        total: 760ms    remaining: 7.67ms
990:    learn: 0.0328064        total: 760ms    remaining: 6.9ms
991:    learn: 0.0327681        total: 761ms    remaining: 6.13ms
992:    learn: 0.0327551        total: 761ms    remaining: 5.36ms
993:    learn: 0.0327130        total: 762ms    remaining: 4.6ms
994:    learn: 0.0326793        total: 762ms    remaining: 3.83ms
995:    learn: 0.0326410        total: 763ms    remaining: 3.06ms
996:    learn: 0.0326287        total: 763ms    remaining: 2.29ms
997:    learn: 0.0324661        total: 764ms    remaining: 1.53ms
998:    learn: 0.0323245        total: 764ms    remaining: 764us
999:    learn: 0.0322876        total: 765ms    remaining: 0us
Traceback (most recent call last):
  File "d:\mlproject\src\components\model_trainer.py", line 60, in initiate_model_traing
    best_model_score=max(sortes(model_report.values()))
                         ^^^^^^
NameError: name 'sortes' is not defined. Did you mean: 'sorted'?

During handling of the above exception, another exception occurred:

Traceback (most recent call last):
  File "D:\MLProject\src\components\data_ingestion.py", line 66, in <module>
    print(modeltrainer.initiate_model_traing(train_arr,test_arr))
          ^^^^^^^^^^^^^^^^^^^^^^^^^^^^^^^^^^^^^^^^^^^^^^^^^^^^^^
  File "d:\mlproject\src\components\model_trainer.py", line 82, in initiate_model_traing
    raise CustomException(ex,sys)
          ^^^^^^^^^^^^^^^^^^^^^^^
  File "d:\mlproject\src\exception.py", line 33, in __init__
    self.error_messsage=error_message_details(error_messsage,error_details=error_detail)
                        ^^^^^^^^^^^^^^^^^^^^^^^^^^^^^^^^^^^^^^^^^^^^^^^^^^^^^^^^^^^^^^^^
TypeError: error_message_details() got an unexpected keyword argument 'error_details'

During handling of the above exception, another exception occurred:

Traceback (most recent call last):
  File "D:\MLProject\src\components\data_ingestion.py", line 70, in <module>
    raise CustomException(e,"list of arrays")
          ^^^^^^^^^^^^^^^^^^^^^^^^^^^^^^^^^^^
  File "d:\mlproject\src\exception.py", line 33, in __init__
    self.error_messsage=error_message_details(error_messsage,error_details=error_detail)
                        ^^^^^^^^^^^^^^^^^^^^^^^^^^^^^^^^^^^^^^^^^^^^^^^^^^^^^^^^^^^^^^^^
TypeError: error_message_details() got an unexpected keyword argument 'error_details'

(d:\MLProject\env) D:\MLProject>^A

(d:\MLProject\env) D:\MLProject>

(d:\MLProject\env) D:\MLProject>967:    learn: 0.0343973        total: 793ms    remaining: 26.2ms
968:    learn: 0.0342143        total: 795ms    remaining: 25.4ms
969:    learn: 0.0341671        total: 796ms    remaining: 24.6ms
970:    learn: 0.0341016        total: 796ms    remaining: 23.8ms
971:    learn: 0.0339661        total: 797ms    remaining: 23ms
972:    learn: 0.0339263        total: 798ms    remaining: 22.1ms
973:    learn: 0.0338000        total: 798ms    remaining: 21.3ms
974:    learn: 0.0337865        total: 799ms    remaining: 20.5ms
975:    learn: 0.0337382        total: 800ms    remaining: 19.7ms
976:    learn: 0.0336936        total: 802ms    remaining: 18.9ms
977:    learn: 0.0336568        total: 802ms    remaining: 18.1ms
978:    learn: 0.0336175        total: 803ms    remaining: 17.2ms
979:    learn: 0.0336040        total: 806ms    remaining: 16.4ms
980:    learn: 0.0335907        total: 807ms    remaining: 15.6ms
981:    learn: 0.0335552        total: 809ms    remaining: 14.8ms
982:    learn: 0.0335168        total: 810ms    remaining: 14ms
983:    learn: 0.0334036        total: 810ms    remaining: 13.2ms
984:    learn: 0.0333693        total: 811ms    remaining: 12.3ms
985:    learn: 0.0331991        total: 812ms    remaining: 11.5ms
986:    learn: 0.0330283        total: 812ms    remaining: 10.7ms
987:    learn: 0.0330154        total: 813ms    remaining: 9.87ms
988:    learn: 0.0329704        total: 814ms    remaining: 9.05ms
989:    learn: 0.0328420        total: 814ms    remaining: 8.22ms
990:    learn: 0.0328064        total: 815ms    remaining: 7.4ms
991:    learn: 0.0327681        total: 816ms    remaining: 6.58ms
992:    learn: 0.0327551        total: 817ms    remaining: 5.76ms
993:    learn: 0.0327130        total: 818ms    remaining: 4.94ms
994:    learn: 0.0326793        total: 819ms    remaining: 4.12ms
995:    learn: 0.0326410        total: 820ms    remaining: 3.29ms
996:    learn: 0.0326287        total: 821ms    remaining: 2.47ms
997:    learn: 0.0324661        total: 821ms    remaining: 1.65ms
998:    learn: 0.0323245        total: 822ms    remaining: 822us
999:    learn: 0.0322876        total: 822ms    remaining: 0us
Traceback (most recent call last):
  File "d:\mlproject\src\components\model_trainer.py", line 74, in initiate_model_traing
    predicted=best_model.predict(X_test,predicted)
                                        ^^^^^^^^^
UnboundLocalError: cannot access local variable 'predicted' where it is not associated with a value

During handling of the above exception, another exception occurred:

Traceback (most recent call last):
  File "D:\MLProject\src\components\data_ingestion.py", line 66, in <module>
    print(modeltrainer.initiate_model_traing(train_arr,test_arr))
          ^^^^^^^^^^^^^^^^^^^^^^^^^^^^^^^^^^^^^^^^^^^^^^^^^^^^^^
  File "d:\mlproject\src\components\model_trainer.py", line 82, in initiate_model_traing
    raise CustomException(ex,sys)
          ^^^^^^^^^^^^^^^^^^^^^^^
  File "d:\mlproject\src\exception.py", line 33, in __init__
    self.error_messsage=error_message_details(error_messsage,error_details=error_detail)
                        ^^^^^^^^^^^^^^^^^^^^^^^^^^^^^^^^^^^^^^^^^^^^^^^^^^^^^^^^^^^^^^^^
TypeError: error_message_details() got an unexpected keyword argument 'error_details'

During handling of the above exception, another exception occurred:

Traceback (most recent call last):
  File "D:\MLProject\src\components\data_ingestion.py", line 70, in <module>
    raise CustomException(e,"list of arrays")
          ^^^^^^^^^^^^^^^^^^^^^^^^^^^^^^^^^^^
  File "d:\mlproject\src\exception.py", line 33, in __init__
    self.error_messsage=error_message_details(error_messsage,error_details=error_detail)
                        ^^^^^^^^^^^^^^^^^^^^^^^^^^^^^^^^^^^^^^^^^^^^^^^^^^^^^^^^^^^^^^^^
TypeError: error_message_details() got an unexpected keyword argument 'error_details'

(d:\MLProject\env) D:\MLProject>